Component: ARM Compiler 5.06 update 6 (build 750) Tool: armlink [4d35ed]

==============================================================================

Section Cross References

    startup_stm32f103xb.o(STACK) refers (Special) to heapauxi.o(.text) for __use_two_region_memory
    startup_stm32f103xb.o(HEAP) refers (Special) to heapauxi.o(.text) for __use_two_region_memory
    startup_stm32f103xb.o(RESET) refers (Special) to heapauxi.o(.text) for __use_two_region_memory
    startup_stm32f103xb.o(RESET) refers to startup_stm32f103xb.o(STACK) for __initial_sp
    startup_stm32f103xb.o(RESET) refers to startup_stm32f103xb.o(.text) for Reset_Handler
    startup_stm32f103xb.o(RESET) refers to stm32f1xx_it.o(i.NMI_Handler) for NMI_Handler
    startup_stm32f103xb.o(RESET) refers to stm32f1xx_it.o(i.HardFault_Handler) for HardFault_Handler
    startup_stm32f103xb.o(RESET) refers to stm32f1xx_it.o(i.MemManage_Handler) for MemManage_Handler
    startup_stm32f103xb.o(RESET) refers to stm32f1xx_it.o(i.BusFault_Handler) for BusFault_Handler
    startup_stm32f103xb.o(RESET) refers to stm32f1xx_it.o(i.UsageFault_Handler) for UsageFault_Handler
    startup_stm32f103xb.o(RESET) refers to stm32f1xx_it.o(i.SVC_Handler) for SVC_Handler
    startup_stm32f103xb.o(RESET) refers to stm32f1xx_it.o(i.DebugMon_Handler) for DebugMon_Handler
    startup_stm32f103xb.o(RESET) refers to stm32f1xx_it.o(i.PendSV_Handler) for PendSV_Handler
    startup_stm32f103xb.o(RESET) refers to stm32f1xx_it.o(i.SysTick_Handler) for SysTick_Handler
    startup_stm32f103xb.o(RESET) refers to stm32f1xx_it.o(i.DMA1_Channel1_IRQHandler) for DMA1_Channel1_IRQHandler
    startup_stm32f103xb.o(.text) refers (Special) to heapauxi.o(.text) for __use_two_region_memory
    startup_stm32f103xb.o(.text) refers to system_stm32f1xx.o(i.SystemInit) for SystemInit
    startup_stm32f103xb.o(.text) refers to __main.o(!!!main) for __main
    startup_stm32f103xb.o(.text) refers to startup_stm32f103xb.o(HEAP) for Heap_Mem
    startup_stm32f103xb.o(.text) refers to startup_stm32f103xb.o(STACK) for Stack_Mem
    main.o(i.MX_ADC1_Init) refers to stm32f1xx_hal_adc.o(i.HAL_ADC_Init) for HAL_ADC_Init
    main.o(i.MX_ADC1_Init) refers to stm32f1xx_hal_adc.o(i.HAL_ADC_ConfigChannel) for HAL_ADC_ConfigChannel
    main.o(i.MX_ADC1_Init) refers to main.o(.bss) for .bss
    main.o(i.MX_TIM1_Init) refers to rt_memclr_w.o(.text) for __aeabi_memclr4
    main.o(i.MX_TIM1_Init) refers to stm32f1xx_hal_tim.o(i.HAL_TIM_Encoder_Init) for HAL_TIM_Encoder_Init
    main.o(i.MX_TIM1_Init) refers to stm32f1xx_hal_tim_ex.o(i.HAL_TIMEx_MasterConfigSynchronization) for HAL_TIMEx_MasterConfigSynchronization
    main.o(i.MX_TIM1_Init) refers to main.o(.bss) for .bss
    main.o(i.MX_TIM2_Init) refers to rt_memclr_w.o(.text) for __aeabi_memclr4
    main.o(i.MX_TIM2_Init) refers to stm32f1xx_hal_tim.o(i.HAL_TIM_Encoder_Init) for HAL_TIM_Encoder_Init
    main.o(i.MX_TIM2_Init) refers to stm32f1xx_hal_tim_ex.o(i.HAL_TIMEx_MasterConfigSynchronization) for HAL_TIMEx_MasterConfigSynchronization
    main.o(i.MX_TIM2_Init) refers to main.o(.bss) for .bss
    main.o(i.MX_TIM3_Init) refers to rt_memclr_w.o(.text) for __aeabi_memclr4
    main.o(i.MX_TIM3_Init) refers to stm32f1xx_hal_tim.o(i.HAL_TIM_PWM_Init) for HAL_TIM_PWM_Init
    main.o(i.MX_TIM3_Init) refers to stm32f1xx_hal_tim_ex.o(i.HAL_TIMEx_MasterConfigSynchronization) for HAL_TIMEx_MasterConfigSynchronization
    main.o(i.MX_TIM3_Init) refers to stm32f1xx_hal_tim.o(i.HAL_TIM_PWM_ConfigChannel) for HAL_TIM_PWM_ConfigChannel
    main.o(i.MX_TIM3_Init) refers to stm32f1xx_hal_msp.o(i.HAL_TIM_MspPostInit) for HAL_TIM_MspPostInit
    main.o(i.MX_TIM3_Init) refers to main.o(.bss) for .bss
    main.o(i.MX_TIM4_Init) refers to rt_memclr_w.o(.text) for __aeabi_memclr4
    main.o(i.MX_TIM4_Init) refers to stm32f1xx_hal_tim.o(i.HAL_TIM_IC_Init) for HAL_TIM_IC_Init
    main.o(i.MX_TIM4_Init) refers to stm32f1xx_hal_tim.o(i.HAL_TIM_SlaveConfigSynchro) for HAL_TIM_SlaveConfigSynchro
    main.o(i.MX_TIM4_Init) refers to stm32f1xx_hal_tim.o(i.HAL_TIM_IC_ConfigChannel) for HAL_TIM_IC_ConfigChannel
    main.o(i.MX_TIM4_Init) refers to stm32f1xx_hal_tim_ex.o(i.HAL_TIMEx_MasterConfigSynchronization) for HAL_TIMEx_MasterConfigSynchronization
    main.o(i.MX_TIM4_Init) refers to main.o(.bss) for .bss
    main.o(i.SystemClock_Config) refers to rt_memclr_w.o(.text) for __aeabi_memclr4
    main.o(i.SystemClock_Config) refers to stm32f1xx_hal_rcc.o(i.HAL_RCC_OscConfig) for HAL_RCC_OscConfig
    main.o(i.SystemClock_Config) refers to stm32f1xx_hal_rcc.o(i.HAL_RCC_ClockConfig) for HAL_RCC_ClockConfig
    main.o(i.SystemClock_Config) refers to stm32f1xx_hal_rcc_ex.o(i.HAL_RCCEx_PeriphCLKConfig) for HAL_RCCEx_PeriphCLKConfig
    main.o(i.calculate_rpm) refers to stm32f1xx_hal.o(i.HAL_GetTick) for HAL_GetTick
    main.o(i.calculate_rpm) refers to main.o(i.convert_2_sign_int) for convert_2_sign_int
    main.o(i.calculate_rpm) refers to fflt_clz.o(x$fpl$ffltu) for __aeabi_ui2f
[...]
    ..\Core\Src\stm32f1xx_it.c               0x00000000   Number         0  stm32f1xx_it.o ABSOLUTE
    ..\Core\Src\system_stm32f1xx.c           0x00000000   Number         0  system_stm32f1xx.o ABSOLUTE
    ..\Drivers\STM32F1xx_HAL_Driver\Src\stm32f1xx_hal.c 0x00000000   Number         0  stm32f1xx_hal.o ABSOLUTE
    ..\Drivers\STM32F1xx_HAL_Driver\Src\stm32f1xx_hal_adc.c 0x00000000   Number         0  stm32f1xx_hal_adc.o ABSOLUTE
    ..\Drivers\STM32F1xx_HAL_Driver\Src\stm32f1xx_hal_adc_ex.c 0x00000000   Number         0  stm32f1xx_hal_adc_ex.o ABSOLUTE
    ..\Drivers\STM32F1xx_HAL_Driver\Src\stm32f1xx_hal_cortex.c 0x00000000   Number         0  stm32f1xx_hal_cortex.o ABSOLUTE
    ..\Drivers\STM32F1xx_HAL_Driver\Src\stm32f1xx_hal_dma.c 0x00000000   Number         0  stm32f1xx_hal_dma.o ABSOLUTE
    ..\Drivers\STM32F1xx_HAL_Driver\Src\stm32f1xx_hal_exti.c 0x00000000   Number         0  stm32f1xx_hal_exti.o ABSOLUTE
    ..\Drivers\STM32F1xx_HAL_Driver\Src\stm32f1xx_hal_flash.c 0x00000000   Number         0  stm32f1xx_hal_flash.o ABSOLUTE
    ..\Drivers\STM32F1xx_HAL_Driver\Src\stm32f1xx_hal_flash_ex.c 0x00000000   Number         0  stm32f1xx_hal_flash_ex.o ABSOLUTE
    ..\Drivers\STM32F1xx_HAL_Driver\Src\stm32f1xx_hal_gpio.c 0x00000000   Number         0  stm32f1xx_hal_gpio.o ABSOLUTE
    ..\Drivers\STM32F1xx_HAL_Driver\Src\stm32f1xx_hal_gpio_ex.c 0x00000000   Number         0  stm32f1xx_hal_gpio_ex.o ABSOLUTE
    ..\Drivers\STM32F1xx_HAL_Driver\Src\stm32f1xx_hal_pwr.c 0x00000000   Number         0  stm32f1xx_hal_pwr.o ABSOLUTE
    ..\Drivers\STM32F1xx_HAL_Driver\Src\stm32f1xx_hal_rcc.c 0x00000000   Number         0  stm32f1xx_hal_rcc.o ABSOLUTE
    ..\Drivers\STM32F1xx_HAL_Driver\Src\stm32f1xx_hal_rcc_ex.c 0x00000000   Number         0  stm32f1xx_hal_rcc_ex.o ABSOLUTE
    ..\Drivers\STM32F1xx_HAL_Driver\Src\stm32f1xx_hal_tim.c 0x00000000   Number         0  stm32f1xx_hal_tim.o ABSOLUTE
    ..\Drivers\STM32F1xx_HAL_Driver\Src\stm32f1xx_hal_tim_ex.c 0x00000000   Number         0  stm32f1xx_hal_tim_ex.o ABSOLUTE
    dc.s                                     0x00000000   Number         0  dc.o ABSOLUTE
    startup_stm32f103xb.s                    0x00000000   Number         0  startup_stm32f103xb.o ABSOLUTE
    RESET                                    0x08000000   Section      236  startup_stm32f103xb.o(RESET)
    !!!main                                  0x080000ec   Section        8  __main.o(!!!main)
    !!!scatter                               0x080000f4   Section       52  __scatter.o(!!!scatter)
    !!handler_copy                           0x08000128   Section       26  __scatter_copy.o(!!handler_copy)
    !!handler_zi                             0x08000144   Section       28  __scatter_zi.o(!!handler_zi)
    .ARM.Collect$$libinit$$00000000          0x08000160   Section        2  libinit.o(.ARM.Collect$$libinit$$00000000)
    .ARM.Collect$$libinit$$00000002          0x08000162   Section        0  libinit2.o(.ARM.Collect$$libinit$$00000002)
    .ARM.Collect$$libinit$$00000004          0x08000162   Section        0  libinit2.o(.ARM.Collect$$libinit$$00000004)
    .ARM.Collect$$libinit$$0000000A          0x08000162   Section        0  libinit2.o(.ARM.Collect$$libinit$$0000000A)
    .ARM.Collect$$libinit$$0000000C          0x08000162   Section        0  libinit2.o(.ARM.Collect$$libinit$$0000000C)
    .ARM.Collect$$libinit$$0000000E          0x08000162   Section        0  libinit2.o(.ARM.Collect$$libinit$$0000000E)
    .ARM.Collect$$libinit$$00000011          0x08000162   Section        0  libinit2.o(.ARM.Collect$$libinit$$00000011)
    .ARM.Collect$$libinit$$00000013          0x08000162   Section        0  libinit2.o(.ARM.Collect$$libinit$$00000013)
    .ARM.Collect$$libinit$$00000015          0x08000162   Section        0  libinit2.o(.ARM.Collect$$libinit$$00000015)
    .ARM.Collect$$libinit$$00000017          0x08000162   Section        0  libinit2.o(.ARM.Collect$$libinit$$00000017)
    .ARM.Collect$$libinit$$00000019          0x08000162   Section        0  libinit2.o(.ARM.Collect$$libinit$$00000019)
    .ARM.Collect$$libinit$$0000001B          0x08000162   Section        0  libinit2.o(.ARM.Collect$$libinit$$0000001B)
    .ARM.Collect$$libinit$$0000001D          0x08000162   Section        0  libinit2.o(.ARM.Collect$$libinit$$0000001D)
    .ARM.Collect$$libinit$$0000001F          0x08000162   Section        0  libinit2.o(.ARM.Collect$$libinit$$0000001F)
    .ARM.Collect$$libinit$$00000021          0x08000162   Section        0  libinit2.o(.ARM.Collect$$libinit$$00000021)
    .ARM.Collect$$libinit$$00000023          0x08000162   Section        0  libinit2.o(.ARM.Collect$$libinit$$00000023)
    .ARM.Collect$$libinit$$00000025          0x08000162   Section        0  libinit2.o(.ARM.Collect$$libinit$$00000025)
    .ARM.Collect$$libinit$$0000002C          0x08000162   Section        0  libinit2.o(.ARM.Collect$$libinit$$0000002C)
    .ARM.Collect$$libinit$$0000002E          0x08000162   Section        0  libinit2.o(.ARM.Collect$$libinit$$0000002E)
    .ARM.Collect$$libinit$$00000030          0x08000162   Section        0  libinit2.o(.ARM.Collect$$libinit$$00000030)
    .ARM.Collect$$libinit$$00000032          0x08000162   Section        0  libinit2.o(.ARM.Collect$$libinit$$00000032)
    .ARM.Collect$$libinit$$00000033          0x08000162   Section        2  libinit2.o(.ARM.Collect$$libinit$$00000033)
    .ARM.Collect$$libshutdown$$00000000      0x08000164   Section        2  libshutdown.o(.ARM.Collect$$libshutdown$$00000000)
    .ARM.Collect$$libshutdown$$00000002      0x08000166   Section        0  libshutdown2.o(.ARM.Collect$$libshutdown$$00000002)
    .ARM.Collect$$libshutdown$$00000004      0x08000166   Section        0  libshutdown2.o(.ARM.Collect$$libshutdown$$00000004)
    .ARM.Collect$$libshutdown$$00000007      0x08000166   Section        0  libshutdown2.o(.ARM.Collect$$libshutdown$$00000007)
    .ARM.Collect$$libshutdown$$0000000A      0x08000166   Section        0  libshutdown2.o(.ARM.Collect$$libshutdown$$0000000A)
    .ARM.Collect$$libshutdown$$0000000C      0x08000166   Section        0  libshutdown2.o(.ARM.Collect$$libshutdown$$0000000C)
    .ARM.Collect$$libshutdown$$0000000F      0x08000166   Section        0  libshutdown2.o(.ARM.Collect$$libshutdown$$0000000F)
    .ARM.Collect$$libshutdown$$00000010      0x08000166   Section        2  libshutdown2.o(.ARM.Collect$$libshutdown$$00000010)
    .ARM.Collect$$rtentry$$00000000          0x08000168   Section        0  __rtentry.o(.ARM.Collect$$rtentry$$00000000)
    .ARM.Collect$$rtentry$$00000002          0x08000168   Section        0  __rtentry2.o(.ARM.Collect$$rtentry$$00000002)
    .ARM.Collect$$rtentry$$00000004          0x08000168   Section        6  __rtentry4.o(.ARM.Collect$$rtentry$$00000004)
    .ARM.Collect$$rtentry$$00000009          0x0800016e   Section        0  __rtentry2.o(.ARM.Collect$$rtentry$$00000009)
    .ARM.Collect$$rtentry$$0000000A          0x0800016e   Section        4  __rtentry2.o(.ARM.Collect$$rtentry$$0000000A)
    .ARM.Collect$$rtentry$$0000000C          0x08000172   Section        0  __rtentry2.o(.ARM.Collect$$rtentry$$0000000C)
    .ARM.Collect$$rtentry$$0000000D          0x08000172   Section        8  __rtentry2.o(.ARM.Collect$$rtentry$$0000000D)
    .ARM.Collect$$rtexit$$00000000           0x0800017a   Section        2  rtexit.o(.ARM.Collect$$rtexit$$00000000)
    .ARM.Collect$$rtexit$$00000002           0x0800017c   Section        0  rtexit2.o(.ARM.Collect$$rtexit$$00000002)
    .ARM.Collect$$rtexit$$00000003           0x0800017c   Section        4  rtexit2.o(.ARM.Collect$$rtexit$$00000003)
    .ARM.Collect$$rtexit$$00000004           0x08000180   Section        6  rtexit2.o(.ARM.Collect$$rtexit$$00000004)
    .text                                    0x08000188   Section       64  startup_stm32f103xb.o(.text)
    .text                                    0x080001c8   Section       78  rt_memclr_w.o(.text)
    .text                                    0x08000216   Section        0  heapauxi.o(.text)
    .text                                    0x0800021c   Section        0  _rserrno.o(.text)
    .text                                    0x08000234   Section        8  rt_errno_addr_intlibspace.o(.text)
    .text                                    0x0800023c   Section        8  libspace.o(.text)
    .text                                    0x08000244   Section       74  sys_stackheap_outer.o(.text)
    .text                                    0x0800028e   Section        0  exit.o(.text)
    .text                                    0x080002a0   Section        0  sys_exit.o(.text)
    .text                                    0x080002ac   Section        2  use_no_semi.o(.text)
    .text                                    0x080002ae   Section        0  indicate_semi.o(.text)
    i.ADC_ConversionStop_Disable             0x080002b0   Section        0  stm32f1xx_hal_adc.o(i.ADC_ConversionStop_Disable)
    i.ADC_DMAConvCplt                        0x08000306   Section        0  stm32f1xx_hal_adc.o(i.ADC_DMAConvCplt)
    i.ADC_DMAError                           0x08000354   Section        0  stm32f1xx_hal_adc.o(i.ADC_DMAError)
    i.ADC_DMAHalfConvCplt                    0x0800036e   Section        0  stm32f1xx_hal_adc.o(i.ADC_DMAHalfConvCplt)
    i.ADC_Enable                             0x08000378   Section        0  stm32f1xx_hal_adc.o(i.ADC_Enable)
    i.BusFault_Handler                       0x080003f4   Section        0  stm32f1xx_it.o(i.BusFault_Handler)
    i.DMA1_Channel1_IRQHandler               0x080003f8   Section        0  stm32f1xx_it.o(i.DMA1_Channel1_IRQHandler)
    i.DMA_SetConfig                          0x08000404   Section        0  stm32f1xx_hal_dma.o(i.DMA_SetConfig)
    DMA_SetConfig                            0x08000405   Thumb Code    42  stm32f1xx_hal_dma.o(i.DMA_SetConfig)
    i.DebugMon_Handler                       0x0800042e   Section        0  stm32f1xx_it.o(i.DebugMon_Handler)
    i.Error_Handler                          0x08000430   Section        0  main.o(i.Error_Handler)
    i.HAL_ADC_ConfigChannel                  0x08000434   Section        0  stm32f1xx_hal_adc.o(i.HAL_ADC_ConfigChannel)
    i.HAL_ADC_ConvCpltCallback               0x08000530   Section        0  stm32f1xx_hal_adc.o(i.HAL_ADC_ConvCpltCallback)
    i.HAL_ADC_ConvHalfCpltCallback           0x08000532   Section        0  stm32f1xx_hal_adc.o(i.HAL_ADC_ConvHalfCpltCallback)
    i.HAL_ADC_ErrorCallback                  0x08000534   Section        0  stm32f1xx_hal_adc.o(i.HAL_ADC_ErrorCallback)
    i.HAL_ADC_Init                           0x08000538   Section        0  stm32f1xx_hal_adc.o(i.HAL_ADC_Init)
    i.HAL_ADC_MspInit                        0x08000654   Section        0  stm32f1xx_hal_msp.o(i.HAL_ADC_MspInit)
    i.HAL_ADC_Start_DMA                      0x080006e4   Section        0  stm32f1xx_hal_adc.o(i.HAL_ADC_Start_DMA)
    i.HAL_DMA_IRQHandler                     0x080007f0   Section        0  stm32f1xx_hal_dma.o(i.HAL_DMA_IRQHandler)
    i.HAL_DMA_Init                           0x08000944   Section        0  stm32f1xx_hal_dma.o(i.HAL_DMA_Init)
    i.HAL_DMA_Start_IT                       0x080009a0   Section        0  stm32f1xx_hal_dma.o(i.HAL_DMA_Start_IT)
    i.HAL_Delay                              0x08000a10   Section        0  stm32f1xx_hal.o(i.HAL_Delay)
    i.HAL_GPIO_Init                          0x08000a34   Section        0  stm32f1xx_hal_gpio.o(i.HAL_GPIO_Init)
    i.HAL_GPIO_WritePin                      0x08000c14   Section        0  stm32f1xx_hal_gpio.o(i.HAL_GPIO_WritePin)
    i.HAL_GetTick                            0x08000c20   Section        0  stm32f1xx_hal.o(i.HAL_GetTick)
    i.HAL_IncTick                            0x08000c2c   Section        0  stm32f1xx_hal.o(i.HAL_IncTick)
    i.HAL_Init                               0x08000c3c   Section        0  stm32f1xx_hal.o(i.HAL_Init)
    i.HAL_InitTick                           0x08000c60   Section        0  stm32f1xx_hal.o(i.HAL_InitTick)
    i.HAL_MspInit                            0x08000ca0   Section        0  stm32f1xx_hal_msp.o(i.HAL_MspInit)
    i.HAL_NVIC_EnableIRQ                     0x08000cdc   Section        0  stm32f1xx_hal_cortex.o(i.HAL_NVIC_EnableIRQ)
    i.HAL_NVIC_SetPriority                   0x08000cf8   Section        0  stm32f1xx_hal_cortex.o(i.HAL_NVIC_SetPriority)
    i.HAL_NVIC_SetPriorityGrouping           0x08000d38   Section        0  stm32f1xx_hal_cortex.o(i.HAL_NVIC_SetPriorityGrouping)
    i.HAL_RCCEx_PeriphCLKConfig              0x08000d5c   Section        0  stm32f1xx_hal_rcc_ex.o(i.HAL_RCCEx_PeriphCLKConfig)
    i.HAL_RCC_ClockConfig                    0x08000e48   Section        0  stm32f1xx_hal_rcc.o(i.HAL_RCC_ClockConfig)
    i.HAL_RCC_GetSysClockFreq                0x08000f74   Section        0  stm32f1xx_hal_rcc.o(i.HAL_RCC_GetSysClockFreq)
    i.HAL_RCC_OscConfig                      0x08000fe0   Section        0  stm32f1xx_hal_rcc.o(i.HAL_RCC_OscConfig)
    i.HAL_SYSTICK_Config                     0x08001300   Section        0  stm32f1xx_hal_cortex.o(i.HAL_SYSTICK_Config)
    i.HAL_TIMEx_MasterConfigSynchronization  0x08001328   Section        0  stm32f1xx_hal_tim_ex.o(i.HAL_TIMEx_MasterConfigSynchronization)
    i.HAL_TIM_Encoder_Init                   0x08001390   Section        0  stm32f1xx_hal_tim.o(i.HAL_TIM_Encoder_Init)
    i.HAL_TIM_Encoder_MspInit                0x08001434   Section        0  stm32f1xx_hal_msp.o(i.HAL_TIM_Encoder_MspInit)
    i.HAL_TIM_Encoder_Start                  0x080014f8   Section        0  stm32f1xx_hal_tim.o(i.HAL_TIM_Encoder_Start)
    i.HAL_TIM_IC_ConfigChannel               0x08001586   Section        0  stm32f1xx_hal_tim.o(i.HAL_TIM_IC_ConfigChannel)
    i.HAL_TIM_IC_Init                        0x08001694   Section        0  stm32f1xx_hal_tim.o(i.HAL_TIM_IC_Init)
    i.HAL_TIM_IC_MspInit                     0x080016f0   Section        0  stm32f1xx_hal_msp.o(i.HAL_TIM_IC_MspInit)
    i.HAL_TIM_IC_Start                       0x08001744   Section        0  stm32f1xx_hal_tim.o(i.HAL_TIM_IC_Start)
    i.HAL_TIM_MspPostInit                    0x080017fc   Section        0  stm32f1xx_hal_msp.o(i.HAL_TIM_MspPostInit)
    i.HAL_TIM_PWM_ConfigChannel              0x08001848   Section        0  stm32f1xx_hal_tim.o(i.HAL_TIM_PWM_ConfigChannel)
    i.HAL_TIM_PWM_Init                       0x0800190e   Section        0  stm32f1xx_hal_tim.o(i.HAL_TIM_PWM_Init)
    i.HAL_TIM_PWM_MspInit                    0x08001968   Section        0  stm32f1xx_hal_msp.o(i.HAL_TIM_PWM_MspInit)
    i.HAL_TIM_PWM_Start                      0x08001990   Section        0  stm32f1xx_hal_tim.o(i.HAL_TIM_PWM_Start)
    i.HAL_TIM_ReadCapturedValue              0x08001a2c   Section        0  stm32f1xx_hal_tim.o(i.HAL_TIM_ReadCapturedValue)
    i.HAL_TIM_SlaveConfigSynchro             0x08001a56   Section        0  stm32f1xx_hal_tim.o(i.HAL_TIM_SlaveConfigSynchro)
    i.HardFault_Handler                      0x08001aac   Section        0  stm32f1xx_it.o(i.HardFault_Handler)
    i.MX_ADC1_Init                           0x08001ab0   Section        0  main.o(i.MX_ADC1_Init)
    MX_ADC1_Init                             0x08001ab1   Thumb Code   154  main.o(i.MX_ADC1_Init)
    i.MX_TIM1_Init                           0x08001b54   Section        0  main.o(i.MX_TIM1_Init)
    MX_TIM1_Init                             0x08001b55   Thumb Code   100  main.o(i.MX_TIM1_Init)
    i.MX_TIM2_Init                           0x08001bc0   Section        0  main.o(i.MX_TIM2_Init)
    MX_TIM2_Init                             0x08001bc1   Thumb Code   100  main.o(i.MX_TIM2_Init)
    i.MX_TIM3_Init                           0x08001c28   Section        0  main.o(i.MX_TIM3_Init)
    MX_TIM3_Init                             0x08001c29   Thumb Code   118  main.o(i.MX_TIM3_Init)
    i.MX_TIM4_Init                           0x08001ca8   Section        0  main.o(i.MX_TIM4_Init)
    MX_TIM4_Init                             0x08001ca9   Thumb Code   156  main.o(i.MX_TIM4_Init)
    i.MemManage_Handler                      0x08001d4c   Section        0  stm32f1xx_it.o(i.MemManage_Handler)
    i.NMI_Handler                            0x08001d4e   Section        0  stm32f1xx_it.o(i.NMI_Handler)
    i.PendSV_Handler                         0x08001d50   Section        0  stm32f1xx_it.o(i.PendSV_Handler)
    i.SVC_Handler                            0x08001d52   Section        0  stm32f1xx_it.o(i.SVC_Handler)
    i.SysTick_Handler                        0x08001d54   Section        0  stm32f1xx_it.o(i.SysTick_Handler)
    i.SystemClock_Config                     0x08001d58   Section        0  main.o(i.SystemClock_Config)
    i.SystemInit                             0x08001dc0   Section        0  system_stm32f1xx.o(i.SystemInit)
    i.TIM_Base_SetConfig                     0x08001dc4   Section        0  stm32f1xx_hal_tim.o(i.TIM_Base_SetConfig)
    i.TIM_CCxChannelCmd                      0x08001e30   Section        0  stm32f1xx_hal_tim.o(i.TIM_CCxChannelCmd)
    i.TIM_ETR_SetConfig                      0x08001e4a   Section        0  stm32f1xx_hal_tim.o(i.TIM_ETR_SetConfig)
    i.TIM_OC1_SetConfig                      0x08001e60   Section        0  stm32f1xx_hal_tim.o(i.TIM_OC1_SetConfig)
    TIM_OC1_SetConfig                        0x08001e61   Thumb Code    74  stm32f1xx_hal_tim.o(i.TIM_OC1_SetConfig)
    i.TIM_OC2_SetConfig                      0x08001eb0   Section        0  stm32f1xx_hal_tim.o(i.TIM_OC2_SetConfig)
    i.TIM_OC3_SetConfig                      0x08001f08   Section        0  stm32f1xx_hal_tim.o(i.TIM_OC3_SetConfig)
    TIM_OC3_SetConfig                        0x08001f09   Thumb Code    82  stm32f1xx_hal_tim.o(i.TIM_OC3_SetConfig)
    i.TIM_OC4_SetConfig                      0x08001f60   Section        0  stm32f1xx_hal_tim.o(i.TIM_OC4_SetConfig)
    TIM_OC4_SetConfig                        0x08001f61   Thumb Code    64  stm32f1xx_hal_tim.o(i.TIM_OC4_SetConfig)
    i.TIM_SlaveTimer_SetConfig               0x08001fa4   Section        0  stm32f1xx_hal_tim.o(i.TIM_SlaveTimer_SetConfig)
    TIM_SlaveTimer_SetConfig                 0x08001fa5   Thumb Code   134  stm32f1xx_hal_tim.o(i.TIM_SlaveTimer_SetConfig)
    i.TIM_TI1_ConfigInputStage               0x0800202a   Section        0  stm32f1xx_hal_tim.o(i.TIM_TI1_ConfigInputStage)
    TIM_TI1_ConfigInputStage                 0x0800202b   Thumb Code    34  stm32f1xx_hal_tim.o(i.TIM_TI1_ConfigInputStage)
    i.TIM_TI1_SetConfig                      0x0800204c   Section        0  stm32f1xx_hal_tim.o(i.TIM_TI1_SetConfig)
    i.TIM_TI2_ConfigInputStage               0x080020a4   Section        0  stm32f1xx_hal_tim.o(i.TIM_TI2_ConfigInputStage)
    TIM_TI2_ConfigInputStage                 0x080020a5   Thumb Code    36  stm32f1xx_hal_tim.o(i.TIM_TI2_ConfigInputStage)
    i.TIM_TI2_SetConfig                      0x080020c8   Section        0  stm32f1xx_hal_tim.o(i.TIM_TI2_SetConfig)
    TIM_TI2_SetConfig                        0x080020c9   Thumb Code    54  stm32f1xx_hal_tim.o(i.TIM_TI2_SetConfig)
    i.UsageFault_Handler                     0x080020fe   Section        0  stm32f1xx_it.o(i.UsageFault_Handler)
    i.__ARM_fpclassify                       0x08002100   Section        0  fpclassify.o(i.__ARM_fpclassify)
    i.__NVIC_SetPriority                     0x08002128   Section        0  stm32f1xx_hal_cortex.o(i.__NVIC_SetPriority)
    __NVIC_SetPriority                       0x08002129   Thumb Code    32  stm32f1xx_hal_cortex.o(i.__NVIC_SetPriority)
    i.__ieee754_rem_pio2                     0x08002148   Section        0  rred.o(i.__ieee754_rem_pio2)
    i.__kernel_cos                           0x080024d0   Section        0  cos_i.o(i.__kernel_cos)
    i.__kernel_poly                          0x080025cc   Section        0  poly.o(i.__kernel_poly)
    i.__kernel_sin                           0x08002678   Section        0  sin_i.o(i.__kernel_sin)
    i.__mathlib_dbl_infnan                   0x08002764   Section        0  dunder.o(i.__mathlib_dbl_infnan)
    i.__mathlib_dbl_invalid                  0x0800276a   Section        0  dunder.o(i.__mathlib_dbl_invalid)
    i.__mathlib_dbl_underflow                0x08002778   Section        0  dunder.o(i.__mathlib_dbl_underflow)
    i.abs_                                   0x08002788   Section        0  main.o(i.abs_)
    i.calculate_rpm                          0x08002794   Section        0  main.o(i.calculate_rpm)
    i.color_recognize                        0x08002934   Section        0  main.o(i.color_recognize)
    i.compute_e2                             0x08002a00   Section        0  main.o(i.compute_e2)
    i.control_motor_A                        0x08002a70   Section        0  main.o(i.control_motor_A)
    i.control_motor_B                        0x08002af0   Section        0  main.o(i.control_motor_B)
    i.convert_2_sign_int                     0x08002b9c   Section        0  main.o(i.convert_2_sign_int)
    i.cos                                    0x08002bac   Section        0  cos.o(i.cos)
    i.main                                   0x08002c48   Section        0  main.o(i.main)
    i.sign_                                  0x080030e0   Section        0  main.o(i.sign_)
    i.sin                                    0x080030f4   Section        0  sin.o(i.sin)
    x$fpl$d2f                                0x08003194   Section       98  d2f.o(x$fpl$d2f)
    x$fpl$dadd                               0x080031f8   Section      336  daddsub_clz.o(x$fpl$dadd)
    _dadd1                                   0x08003209   Thumb Code     0  daddsub_clz.o(x$fpl$dadd)
    x$fpl$dcheck1                            0x08003348   Section       16  dcheck1.o(x$fpl$dcheck1)
    x$fpl$ddiv                               0x08003358   Section      688  ddiv.o(x$fpl$ddiv)
    ddiv_entry                               0x0800335f   Thumb Code     0  ddiv.o(x$fpl$ddiv)
    x$fpl$dfix                               0x08003608   Section       94  dfix.o(x$fpl$dfix)
    x$fpl$dflt                               0x08003666   Section       46  dflt_clz.o(x$fpl$dflt)
    x$fpl$dfltu                              0x08003694   Section       38  dflt_clz.o(x$fpl$dfltu)
    x$fpl$dmul                               0x080036bc   Section      340  dmul.o(x$fpl$dmul)
    x$fpl$dnaninf                            0x08003810   Section      156  dnaninf.o(x$fpl$dnaninf)
    x$fpl$dretinf                            0x080038ac   Section       12  dretinf.o(x$fpl$dretinf)
    x$fpl$drsb                               0x080038b8   Section       22  daddsub_clz.o(x$fpl$drsb)
    x$fpl$dsub                               0x080038d0   Section      468  daddsub_clz.o(x$fpl$dsub)
    _dsub1                                   0x080038e1   Thumb Code     0  daddsub_clz.o(x$fpl$dsub)
    x$fpl$f2d                                0x08003aa4   Section       86  f2d.o(x$fpl$f2d)
    x$fpl$fadd                               0x08003afc   Section      196  faddsub_clz.o(x$fpl$fadd)
    _fadd1                                   0x08003b0b   Thumb Code     0  faddsub_clz.o(x$fpl$fadd)
    x$fpl$fcheck1                            0x08003bc0   Section       12  fcheck1.o(x$fpl$fcheck1)
    x$fpl$fcmpinf                            0x08003bcc   Section       24  fcmpi.o(x$fpl$fcmpinf)
    x$fpl$fdiv                               0x08003be4   Section      388  fdiv.o(x$fpl$fdiv)
    _fdiv1                                   0x08003be5   Thumb Code     0  fdiv.o(x$fpl$fdiv)
    x$fpl$ffix                               0x08003d68   Section       54  ffix.o(x$fpl$ffix)
    x$fpl$fflt                               0x08003da0   Section       48  fflt_clz.o(x$fpl$fflt)
    x$fpl$ffltu                              0x08003dd0   Section       38  fflt_clz.o(x$fpl$ffltu)
    x$fpl$fleqf                              0x08003df8   Section      104  fleqf.o(x$fpl$fleqf)
    x$fpl$fmul                               0x08003e60   Section      258  fmul.o(x$fpl$fmul)
    x$fpl$fnaninf                            0x08003f62   Section      140  fnaninf.o(x$fpl$fnaninf)
    x$fpl$fretinf                            0x08003fee   Section       10  fretinf.o(x$fpl$fretinf)
    x$fpl$frleqf                             0x08003ff8   Section       98  frleqf.o(x$fpl$frleqf)
    x$fpl$frsb                               0x0800405a   Section       20  faddsub_clz.o(x$fpl$frsb)
    x$fpl$fsub                               0x08004070   Section      234  faddsub_clz.o(x$fpl$fsub)
    _fsub1                                   0x0800407f   Thumb Code     0  faddsub_clz.o(x$fpl$fsub)
    x$fpl$retnan                             0x0800415a   Section      100  retnan.o(x$fpl$retnan)
    x$fpl$scalbn                             0x080041be   Section       92  scalbn.o(x$fpl$scalbn)
    x$fpl$scalbnf                            0x0800421a   Section       76  scalbnf.o(x$fpl$scalbnf)
    x$fpl$trapveneer                         0x08004266   Section       48  trapv.o(x$fpl$trapveneer)
    .constdata                               0x08004296   Section       16  system_stm32f1xx.o(.constdata)
    x$fpl$usenofp                            0x08004296   Section        0  usenofp.o(x$fpl$usenofp)
    .constdata                               0x080042a8   Section       48  cos_i.o(.constdata)
    C                                        0x080042a8   Data          48  cos_i.o(.constdata)
    .constdata                               0x080042d8   Section      200  rred.o(.constdata)
    pio2s                                    0x080042d8   Data          48  rred.o(.constdata)
    twooverpi                                0x08004308   Data         152  rred.o(.constdata)
    .constdata                               0x080043a0   Section       40  sin_i.o(.constdata)
    S                                        0x080043a0   Data          40  sin_i.o(.constdata)
    .data                                    0x20000000   Section      212  main.o(.data)
    .data                                    0x200000d4   Section       12  stm32f1xx_hal.o(.data)
    .data                                    0x200000e0   Section        4  system_stm32f1xx.o(.data)
    .bss                                     0x200000e4   Section      346  main.o(.bss)
    .bss                                     0x20000240   Section       68  main.o(.bss)
    .bss                                     0x20000284   Section       96  libspace.o(.bss)
    HEAP                                     0x200002e8   Section      512  startup_stm32f103xb.o(HEAP)
    Heap_Mem                                 0x200002e8   Data         512  startup_stm32f103xb.o(HEAP)
    STACK                                    0x200004e8   Section     1024  startup_stm32f103xb.o(STACK)
    Stack_Mem                                0x200004e8   Data        1024  startup_stm32f103xb.o(STACK)
    __initial_sp                             0x200008e8   Data           0  startup_stm32f103xb.o(STACK)

    Global Symbols

    Symbol Name                              Value     Ov Type        Size  Object(Section)

    BuildAttributes$$THM_ISAv4$P$D$K$B$S$PE$A:L22UL41UL21$X:L11$S22US41US21$IEEE1$IW$USESV6$~STKCKD$USESV7$~SHL$OTIME$ROPI$IEEEX$EBA8$UX$STANDARDLIB$REQ8$PRES8$EABIv2 0x00000000   Number         0  anon$$obj.o ABSOLUTE
    __ARM_use_no_argv                        0x00000000   Number         0  main.o ABSOLUTE
    __ARM_exceptions_init                     - Undefined Weak Reference
    __alloca_initialize                       - Undefined Weak Reference
    __arm_preinit_                            - Undefined Weak Reference
    __cpp_initialize__aeabi_                  - Undefined Weak Reference
    __cxa_finalize                            - Undefined Weak Reference
    __rt_locale                               - Undefined Weak Reference
    __sigvec_lookup                           - Undefined Weak Reference
    _atexit_init                              - Undefined Weak Reference
    _call_atexit_fns                          - Undefined Weak Reference
    _clock_init                               - Undefined Weak Reference
    _fp_trap_init                             - Undefined Weak Reference
    _fp_trap_shutdown                         - Undefined Weak Reference
    _get_lc_collate                           - Undefined Weak Reference
    _get_lc_ctype                             - Undefined Weak Reference
    _get_lc_monetary                          - Undefined Weak Reference
    _get_lc_numeric                           - Undefined Weak Reference
    _get_lc_time                              - Undefined Weak Reference
    _getenv_init                              - Undefined Weak Reference
    _handle_redirection                       - Undefined Weak Reference
    _init_alloc                               - Undefined Weak Reference
    _init_user_alloc                          - Undefined Weak Reference
    _initio                                   - Undefined Weak Reference
    _rand_init                                - Undefined Weak Reference
    _signal_finish                            - Undefined Weak Reference
    _signal_init                              - Undefined Weak Reference
    _terminate_alloc                          - Undefined Weak Reference
    _terminate_user_alloc                     - Undefined Weak Reference
    _terminateio                              - Undefined Weak Reference
    __Vectors_Size                           0x000000ec   Number         0  startup_stm32f103xb.o ABSOLUTE
    __Vectors                                0x08000000   Data           4  startup_stm32f103xb.o(RESET)
    __Vectors_End                            0x080000ec   Data           0  startup_stm32f103xb.o(RESET)
    __main                                   0x080000ed   Thumb Code     8  __main.o(!!!main)
    __scatterload                            0x080000f5   Thumb Code     0  __scatter.o(!!!scatter)
    __scatterload_rt2                        0x080000f5   Thumb Code    44  __scatter.o(!!!scatter)
    __scatterload_rt2_thumb_only             0x080000f5   Thumb Code     0  __scatter.o(!!!scatter)
    __scatterload_null                       0x08000103   Thumb Code     0  __scatter.o(!!!scatter)
    __scatterload_copy                       0x08000129   Thumb Code    26  __scatter_copy.o(!!handler_copy)
    __scatterload_zeroinit                   0x08000145   Thumb Code    28  __scatter_zi.o(!!handler_zi)
    __rt_lib_init                            0x08000161   Thumb Code     0  libinit.o(.ARM.Collect$$libinit$$00000000)
    __rt_lib_init_alloca_1                   0x08000163   Thumb Code     0  libinit2.o(.ARM.Collect$$libinit$$0000002E)
    __rt_lib_init_argv_1                     0x08000163   Thumb Code     0  libinit2.o(.ARM.Collect$$libinit$$0000002C)
    __rt_lib_init_atexit_1                   0x08000163   Thumb Code     0  libinit2.o(.ARM.Collect$$libinit$$0000001B)
    __rt_lib_init_clock_1                    0x08000163   Thumb Code     0  libinit2.o(.ARM.Collect$$libinit$$00000021)
    __rt_lib_init_cpp_1                      0x08000163   Thumb Code     0  libinit2.o(.ARM.Collect$$libinit$$00000032)
    __rt_lib_init_exceptions_1               0x08000163   Thumb Code     0  libinit2.o(.ARM.Collect$$libinit$$00000030)
    __rt_lib_init_fp_1                       0x08000163   Thumb Code     0  libinit2.o(.ARM.Collect$$libinit$$00000002)
    __rt_lib_init_fp_trap_1                  0x08000163   Thumb Code     0  libinit2.o(.ARM.Collect$$libinit$$0000001F)
    __rt_lib_init_getenv_1                   0x08000163   Thumb Code     0  libinit2.o(.ARM.Collect$$libinit$$00000023)
    __rt_lib_init_heap_1                     0x08000163   Thumb Code     0  libinit2.o(.ARM.Collect$$libinit$$0000000A)
    __rt_lib_init_lc_collate_1               0x08000163   Thumb Code     0  libinit2.o(.ARM.Collect$$libinit$$00000011)
    __rt_lib_init_lc_ctype_1                 0x08000163   Thumb Code     0  libinit2.o(.ARM.Collect$$libinit$$00000013)
    __rt_lib_init_lc_monetary_1              0x08000163   Thumb Code     0  libinit2.o(.ARM.Collect$$libinit$$00000015)
    __rt_lib_init_lc_numeric_1               0x08000163   Thumb Code     0  libinit2.o(.ARM.Collect$$libinit$$00000017)
    __rt_lib_init_lc_time_1                  0x08000163   Thumb Code     0  libinit2.o(.ARM.Collect$$libinit$$00000019)
    __rt_lib_init_preinit_1                  0x08000163   Thumb Code     0  libinit2.o(.ARM.Collect$$libinit$$00000004)
    __rt_lib_init_rand_1                     0x08000163   Thumb Code     0  libinit2.o(.ARM.Collect$$libinit$$0000000E)
    __rt_lib_init_return                     0x08000163   Thumb Code     0  libinit2.o(.ARM.Collect$$libinit$$00000033)
    __rt_lib_init_signal_1                   0x08000163   Thumb Code     0  libinit2.o(.ARM.Collect$$libinit$$0000001D)
    __rt_lib_init_stdio_1                    0x08000163   Thumb Code     0  libinit2.o(.ARM.Collect$$libinit$$00000025)
    __rt_lib_init_user_alloc_1               0x08000163   Thumb Code     0  libinit2.o(.ARM.Collect$$libinit$$0000000C)
    __rt_lib_shutdown                        0x08000165   Thumb Code     0  libshutdown.o(.ARM.Collect$$libshutdown$$00000000)
    __rt_lib_shutdown_cpp_1                  0x08000167   Thumb Code     0  libshutdown2.o(.ARM.Collect$$libshutdown$$00000002)
    __rt_lib_shutdown_fp_trap_1              0x08000167   Thumb Code     0  libshutdown2.o(.ARM.Collect$$libshutdown$$00000007)
    __rt_lib_shutdown_heap_1                 0x08000167   Thumb Code     0  libshutdown2.o(.ARM.Collect$$libshutdown$$0000000F)
    __rt_lib_shutdown_return                 0x08000167   Thumb Code     0  libshutdown2.o(.ARM.Collect$$libshutdown$$00000010)
    __rt_lib_shutdown_signal_1               0x08000167   Thumb Code     0  libshutdown2.o(.ARM.Collect$$libshutdown$$0000000A)
    __rt_lib_shutdown_stdio_1                0x08000167   Thumb Code     0  libshutdown2.o(.ARM.Collect$$libshutdown$$00000004)
    __rt_lib_shutdown_user_alloc_1           0x08000167   Thumb Code     0  libshutdown2.o(.ARM.Collect$$libshutdown$$0000000C)
    __rt_entry                               0x08000169   Thumb Code     0  __rtentry.o(.ARM.Collect$$rtentry$$00000000)
    __rt_entry_presh_1                       0x08000169   Thumb Code     0  __rtentry2.o(.ARM.Collect$$rtentry$$00000002)
    __rt_entry_sh                            0x08000169   Thumb Code     0  __rtentry4.o(.ARM.Collect$$rtentry$$00000004)
    __rt_entry_li                            0x0800016f   Thumb Code     0  __rtentry2.o(.ARM.Collect$$rtentry$$0000000A)
    __rt_entry_postsh_1                      0x0800016f   Thumb Code     0  __rtentry2.o(.ARM.Collect$$rtentry$$00000009)
    __rt_entry_main                          0x08000173   Thumb Code     0  __rtentry2.o(.ARM.Collect$$rtentry$$0000000D)
    __rt_entry_postli_1                      0x08000173   Thumb Code     0  __rtentry2.o(.ARM.Collect$$rtentry$$0000000C)
    __rt_exit                                0x0800017b   Thumb Code     0  rtexit.o(.ARM.Collect$$rtexit$$00000000)
    __rt_exit_ls                             0x0800017d   Thumb Code     0  rtexit2.o(.ARM.Collect$$rtexit$$00000003)
    __rt_exit_prels_1                        0x0800017d   Thumb Code     0  rtexit2.o(.ARM.Collect$$rtexit$$00000002)
    __rt_exit_exit                           0x08000181   Thumb Code     0  rtexit2.o(.ARM.Collect$$rtexit$$00000004)
    Reset_Handler                            0x08000189   Thumb Code     8  startup_stm32f103xb.o(.text)
    ADC1_2_IRQHandler                        0x080001a3   Thumb Code     0  startup_stm32f103xb.o(.text)
    CAN1_RX1_IRQHandler                      0x080001a3   Thumb Code     0  startup_stm32f103xb.o(.text)
    CAN1_SCE_IRQHandler                      0x080001a3   Thumb Code     0  startup_stm32f103xb.o(.text)
    DMA1_Channel2_IRQHandler                 0x080001a3   Thumb Code     0  startup_stm32f103xb.o(.text)
    DMA1_Channel3_IRQHandler                 0x080001a3   Thumb Code     0  startup_stm32f103xb.o(.text)
    DMA1_Channel4_IRQHandler                 0x080001a3   Thumb Code     0  startup_stm32f103xb.o(.text)
    DMA1_Channel5_IRQHandler                 0x080001a3   Thumb Code     0  startup_stm32f103xb.o(.text)
    DMA1_Channel6_IRQHandler                 0x080001a3   Thumb Code     0  startup_stm32f103xb.o(.text)
    DMA1_Channel7_IRQHandler                 0x080001a3   Thumb Code     0  startup_stm32f103xb.o(.text)
    EXTI0_IRQHandler                         0x080001a3   Thumb Code     0  startup_stm32f103xb.o(.text)
    EXTI15_10_IRQHandler                     0x080001a3   Thumb Code     0  startup_stm32f103xb.o(.text)
    EXTI1_IRQHandler                         0x080001a3   Thumb Code     0  startup_stm32f103xb.o(.text)
    EXTI2_IRQHandler                         0x080001a3   Thumb Code     0  startup_stm32f103xb.o(.text)
    EXTI3_IRQHandler                         0x080001a3   Thumb Code     0  startup_stm32f103xb.o(.text)
    EXTI4_IRQHandler                         0x080001a3   Thumb Code     0  startup_stm32f103xb.o(.text)
    EXTI9_5_IRQHandler                       0x080001a3   Thumb Code     0  startup_stm32f103xb.o(.text)
    FLASH_IRQHandler                         0x080001a3   Thumb Code     0  startup_stm32f103xb.o(.text)
    I2C1_ER_IRQHandler                       0x080001a3   Thumb Code     0  startup_stm32f103xb.o(.text)
    I2C1_EV_IRQHandler                       0x080001a3   Thumb Code     0  startup_stm32f103xb.o(.text)
    I2C2_ER_IRQHandler                       0x080001a3   Thumb Code     0  startup_stm32f103xb.o(.text)
    I2C2_EV_IRQHandler                       0x080001a3   Thumb Code     0  startup_stm32f103xb.o(.text)
    PVD_IRQHandler                           0x080001a3   Thumb Code     0  startup_stm32f103xb.o(.text)
    RCC_IRQHandler                           0x080001a3   Thumb Code     0  startup_stm32f103xb.o(.text)
    RTC_Alarm_IRQHandler                     0x080001a3   Thumb Code     0  startup_stm32f103xb.o(.text)
    RTC_IRQHandler                           0x080001a3   Thumb Code     0  startup_stm32f103xb.o(.text)
    SPI1_IRQHandler                          0x080001a3   Thumb Code     0  startup_stm32f103xb.o(.text)
    SPI2_IRQHandler                          0x080001a3   Thumb Code     0  startup_stm32f103xb.o(.text)
    TAMPER_IRQHandler                        0x080001a3   Thumb Code     0  startup_stm32f103xb.o(.text)
    TIM1_BRK_IRQHandler                      0x080001a3   Thumb Code     0  startup_stm32f103xb.o(.text)
    TIM1_CC_IRQHandler                       0x080001a3   Thumb Code     0  startup_stm32f103xb.o(.text)
    TIM1_TRG_COM_IRQHandler                  0x080001a3   Thumb Code     0  startup_stm32f103xb.o(.text)
    TIM1_UP_IRQHandler                       0x080001a3   Thumb Code     0  startup_stm32f103xb.o(.text)
    TIM2_IRQHandler                          0x080001a3   Thumb Code     0  startup_stm32f103xb.o(.text)
    TIM3_IRQHandler                          0x080001a3   Thumb Code     0  startup_stm32f103xb.o(.text)
    TIM4_IRQHandler                          0x080001a3   Thumb Code     0  startup_stm32f103xb.o(.text)
    USART1_IRQHandler                        0x080001a3   Thumb Code     0  startup_stm32f103xb.o(.text)
    USART2_IRQHandler                        0x080001a3   Thumb Code     0  startup_stm32f103xb.o(.text)
    USART3_IRQHandler                        0x080001a3   Thumb Code     0  startup_stm32f103xb.o(.text)
    USBWakeUp_IRQHandler                     0x080001a3   Thumb Code     0  startup_stm32f103xb.o(.text)
    USB_HP_CAN1_TX_IRQHandler                0x080001a3   Thumb Code     0  startup_stm32f103xb.o(.text)
    USB_LP_CAN1_RX0_IRQHandler               0x080001a3   Thumb Code     0  startup_stm32f103xb.o(.text)
    WWDG_IRQHandler                          0x080001a3   Thumb Code     0  startup_stm32f103xb.o(.text)
    __user_initial_stackheap                 0x080001a5   Thumb Code     0  startup_stm32f103xb.o(.text)
    __aeabi_memclr4                          0x080001c9   Thumb Code     0  rt_memclr_w.o(.text)
    __aeabi_memclr8                          0x080001c9   Thumb Code     0  rt_memclr_w.o(.text)
    __rt_memclr_w                            0x080001c9   Thumb Code    78  rt_memclr_w.o(.text)
    _memset_w                                0x080001cd   Thumb Code     0  rt_memclr_w.o(.text)
    __use_two_region_memory                  0x08000217   Thumb Code     2  heapauxi.o(.text)
    __rt_heap_escrow$2region                 0x08000219   Thumb Code     2  heapauxi.o(.text)
    __rt_heap_expand$2region                 0x0800021b   Thumb Code     2  heapauxi.o(.text)
    __read_errno                             0x0800021d   Thumb Code    10  _rserrno.o(.text)
    __set_errno                              0x08000227   Thumb Code    12  _rserrno.o(.text)
    __aeabi_errno_addr                       0x08000235   Thumb Code     8  rt_errno_addr_intlibspace.o(.text)
    __errno$intlibspace                      0x08000235   Thumb Code     0  rt_errno_addr_intlibspace.o(.text)
    __rt_errno_addr$intlibspace              0x08000235   Thumb Code     0  rt_errno_addr_intlibspace.o(.text)
    __user_libspace                          0x0800023d   Thumb Code     8  libspace.o(.text)
    __user_perproc_libspace                  0x0800023d   Thumb Code     0  libspace.o(.text)
    __user_perthread_libspace                0x0800023d   Thumb Code     0  libspace.o(.text)
    __user_setup_stackheap                   0x08000245   Thumb Code    74  sys_stackheap_outer.o(.text)
    exit                                     0x0800028f   Thumb Code    18  exit.o(.text)
    _sys_exit                                0x080002a1   Thumb Code     8  sys_exit.o(.text)
    __I$use$semihosting                      0x080002ad   Thumb Code     0  use_no_semi.o(.text)
    __use_no_semihosting_swi                 0x080002ad   Thumb Code     2  use_no_semi.o(.text)
    __semihosting_library_function           0x080002af   Thumb Code     0  indicate_semi.o(.text)
    ADC_ConversionStop_Disable               0x080002b1   Thumb Code    86  stm32f1xx_hal_adc.o(i.ADC_ConversionStop_Disable)
    ADC_DMAConvCplt                          0x08000307   Thumb Code    78  stm32f1xx_hal_adc.o(i.ADC_DMAConvCplt)
    ADC_DMAError                             0x08000355   Thumb Code    26  stm32f1xx_hal_adc.o(i.ADC_DMAError)
    ADC_DMAHalfConvCplt                      0x0800036f   Thumb Code    10  stm32f1xx_hal_adc.o(i.ADC_DMAHalfConvCplt)
    ADC_Enable                               0x08000379   Thumb Code   114  stm32f1xx_hal_adc.o(i.ADC_Enable)
    BusFault_Handler                         0x080003f5   Thumb Code     2  stm32f1xx_it.o(i.BusFault_Handler)
    DMA1_Channel1_IRQHandler                 0x080003f9   Thumb Code     6  stm32f1xx_it.o(i.DMA1_Channel1_IRQHandler)
    DebugMon_Handler                         0x0800042f   Thumb Code     2  stm32f1xx_it.o(i.DebugMon_Handler)
    Error_Handler                            0x08000431   Thumb Code     4  main.o(i.Error_Handler)
    HAL_ADC_ConfigChannel                    0x08000435   Thumb Code   240  stm32f1xx_hal_adc.o(i.HAL_ADC_ConfigChannel)
    HAL_ADC_ConvCpltCallback                 0x08000531   Thumb Code     2  stm32f1xx_hal_adc.o(i.HAL_ADC_ConvCpltCallback)
    HAL_ADC_ConvHalfCpltCallback             0x08000533   Thumb Code     2  stm32f1xx_hal_adc.o(i.HAL_ADC_ConvHalfCpltCallback)
    HAL_ADC_ErrorCallback                    0x08000535   Thumb Code     2  stm32f1xx_hal_adc.o(i.HAL_ADC_ErrorCallback)
    HAL_ADC_Init                             0x08000539   Thumb Code   272  stm32f1xx_hal_adc.o(i.HAL_ADC_Init)
    HAL_ADC_MspInit                          0x08000655   Thumb Code   122  stm32f1xx_hal_msp.o(i.HAL_ADC_MspInit)
    HAL_ADC_Start_DMA                        0x080006e5   Thumb Code   246  stm32f1xx_hal_adc.o(i.HAL_ADC_Start_DMA)
    HAL_DMA_IRQHandler                       0x080007f1   Thumb Code   316  stm32f1xx_hal_dma.o(i.HAL_DMA_IRQHandler)
    HAL_DMA_Init                             0x08000945   Thumb Code    84  stm32f1xx_hal_dma.o(i.HAL_DMA_Init)
    HAL_DMA_Start_IT                         0x080009a1   Thumb Code   112  stm32f1xx_hal_dma.o(i.HAL_DMA_Start_IT)
    HAL_Delay                                0x08000a11   Thumb Code    32  stm32f1xx_hal.o(i.HAL_Delay)
    HAL_GPIO_Init                            0x08000a35   Thumb Code   446  stm32f1xx_hal_gpio.o(i.HAL_GPIO_Init)
    HAL_GPIO_WritePin                        0x08000c15   Thumb Code    10  stm32f1xx_hal_gpio.o(i.HAL_GPIO_WritePin)
    HAL_GetTick                              0x08000c21   Thumb Code     6  stm32f1xx_hal.o(i.HAL_GetTick)
    HAL_IncTick                              0x08000c2d   Thumb Code    12  stm32f1xx_hal.o(i.HAL_IncTick)
    HAL_Init                                 0x08000c3d   Thumb Code    32  stm32f1xx_hal.o(i.HAL_Init)
    HAL_InitTick                             0x08000c61   Thumb Code    54  stm32f1xx_hal.o(i.HAL_InitTick)
    HAL_MspInit                              0x08000ca1   Thumb Code    52  stm32f1xx_hal_msp.o(i.HAL_MspInit)
    HAL_NVIC_EnableIRQ                       0x08000cdd   Thumb Code    26  stm32f1xx_hal_cortex.o(i.HAL_NVIC_EnableIRQ)
    HAL_NVIC_SetPriority                     0x08000cf9   Thumb Code    60  stm32f1xx_hal_cortex.o(i.HAL_NVIC_SetPriority)
    HAL_NVIC_SetPriorityGrouping             0x08000d39   Thumb Code    26  stm32f1xx_hal_cortex.o(i.HAL_NVIC_SetPriorityGrouping)
    HAL_RCCEx_PeriphCLKConfig                0x08000d5d   Thumb Code   224  stm32f1xx_hal_rcc_ex.o(i.HAL_RCCEx_PeriphCLKConfig)
    HAL_RCC_ClockConfig                      0x08000e49   Thumb Code   280  stm32f1xx_hal_rcc.o(i.HAL_RCC_ClockConfig)
    HAL_RCC_GetSysClockFreq                  0x08000f75   Thumb Code    74  stm32f1xx_hal_rcc.o(i.HAL_RCC_GetSysClockFreq)
    HAL_RCC_OscConfig                        0x08000fe1   Thumb Code   778  stm32f1xx_hal_rcc.o(i.HAL_RCC_OscConfig)
    HAL_SYSTICK_Config                       0x08001301   Thumb Code    40  stm32f1xx_hal_cortex.o(i.HAL_SYSTICK_Config)
    HAL_TIMEx_MasterConfigSynchronization    0x08001329   Thumb Code    92  stm32f1xx_hal_tim_ex.o(i.HAL_TIMEx_MasterConfigSynchronization)
    HAL_TIM_Encoder_Init                     0x08001391   Thumb Code   164  stm32f1xx_hal_tim.o(i.HAL_TIM_Encoder_Init)
    HAL_TIM_Encoder_MspInit                  0x08001435   Thumb Code   176  stm32f1xx_hal_msp.o(i.HAL_TIM_Encoder_MspInit)
    HAL_TIM_Encoder_Start                    0x080014f9   Thumb Code   142  stm32f1xx_hal_tim.o(i.HAL_TIM_Encoder_Start)
    HAL_TIM_IC_ConfigChannel                 0x08001587   Thumb Code   270  stm32f1xx_hal_tim.o(i.HAL_TIM_IC_ConfigChannel)
    HAL_TIM_IC_Init                          0x08001695   Thumb Code    90  stm32f1xx_hal_tim.o(i.HAL_TIM_IC_Init)
    HAL_TIM_IC_MspInit                       0x080016f1   Thumb Code    72  stm32f1xx_hal_msp.o(i.HAL_TIM_IC_MspInit)
    HAL_TIM_IC_Start                         0x08001745   Thumb Code   172  stm32f1xx_hal_tim.o(i.HAL_TIM_IC_Start)
    HAL_TIM_MspPostInit                      0x080017fd   Thumb Code    62  stm32f1xx_hal_msp.o(i.HAL_TIM_MspPostInit)
    HAL_TIM_PWM_ConfigChannel                0x08001849   Thumb Code   198  stm32f1xx_hal_tim.o(i.HAL_TIM_PWM_ConfigChannel)
    HAL_TIM_PWM_Init                         0x0800190f   Thumb Code    90  stm32f1xx_hal_tim.o(i.HAL_TIM_PWM_Init)
    HAL_TIM_PWM_MspInit                      0x08001969   Thumb Code    30  stm32f1xx_hal_msp.o(i.HAL_TIM_PWM_MspInit)
    HAL_TIM_PWM_Start                        0x08001991   Thumb Code   144  stm32f1xx_hal_tim.o(i.HAL_TIM_PWM_Start)
    HAL_TIM_ReadCapturedValue                0x08001a2d   Thumb Code    42  stm32f1xx_hal_tim.o(i.HAL_TIM_ReadCapturedValue)
    HAL_TIM_SlaveConfigSynchro               0x08001a57   Thumb Code    86  stm32f1xx_hal_tim.o(i.HAL_TIM_SlaveConfigSynchro)
    HardFault_Handler                        0x08001aad   Thumb Code     2  stm32f1xx_it.o(i.HardFault_Handler)
    MemManage_Handler                        0x08001d4d   Thumb Code     2  stm32f1xx_it.o(i.MemManage_Handler)
    NMI_Handler                              0x08001d4f   Thumb Code     2  stm32f1xx_it.o(i.NMI_Handler)
    PendSV_Handler                           0x08001d51   Thumb Code     2  stm32f1xx_it.o(i.PendSV_Handler)
    SVC_Handler                              0x08001d53   Thumb Code     2  stm32f1xx_it.o(i.SVC_Handler)
    SysTick_Handler                          0x08001d55   Thumb Code     4  stm32f1xx_it.o(i.SysTick_Handler)
    SystemClock_Config                       0x08001d59   Thumb Code   104  main.o(i.SystemClock_Config)
    SystemInit                               0x08001dc1   Thumb Code     2  system_stm32f1xx.o(i.SystemInit)
    TIM_Base_SetConfig                       0x08001dc5   Thumb Code    94  stm32f1xx_hal_tim.o(i.TIM_Base_SetConfig)
    TIM_CCxChannelCmd                        0x08001e31   Thumb Code    26  stm32f1xx_hal_tim.o(i.TIM_CCxChannelCmd)
    TIM_ETR_SetConfig                        0x08001e4b   Thumb Code    20  stm32f1xx_hal_tim.o(i.TIM_ETR_SetConfig)
    TIM_OC2_SetConfig                        0x08001eb1   Thumb Code    84  stm32f1xx_hal_tim.o(i.TIM_OC2_SetConfig)
    TIM_TI1_SetConfig                        0x0800204d   Thumb Code    76  stm32f1xx_hal_tim.o(i.TIM_TI1_SetConfig)
    UsageFault_Handler                       0x080020ff   Thumb Code     2  stm32f1xx_it.o(i.UsageFault_Handler)
    __ARM_fpclassify                         0x08002101   Thumb Code    40  fpclassify.o(i.__ARM_fpclassify)
    __ieee754_rem_pio2                       0x08002149   Thumb Code   828  rred.o(i.__ieee754_rem_pio2)
    __kernel_cos                             0x080024d1   Thumb Code   230  cos_i.o(i.__kernel_cos)
    __kernel_poly                            0x080025cd   Thumb Code   170  poly.o(i.__kernel_poly)
    __kernel_sin                             0x08002679   Thumb Code   224  sin_i.o(i.__kernel_sin)
    __mathlib_dbl_infnan                     0x08002765   Thumb Code     6  dunder.o(i.__mathlib_dbl_infnan)
    __mathlib_dbl_invalid                    0x0800276b   Thumb Code    12  dunder.o(i.__mathlib_dbl_invalid)
    __mathlib_dbl_underflow                  0x08002779   Thumb Code    10  dunder.o(i.__mathlib_dbl_underflow)
    abs_                                     0x08002789   Thumb Code    12  main.o(i.abs_)
    calculate_rpm                            0x08002795   Thumb Code   394  main.o(i.calculate_rpm)
    color_recognize                          0x08002935   Thumb Code   190  main.o(i.color_recognize)
    compute_e2                               0x08002a01   Thumb Code   100  main.o(i.compute_e2)
    control_motor_A                          0x08002a71   Thumb Code   114  main.o(i.control_motor_A)
    control_motor_B                          0x08002af1   Thumb Code   158  main.o(i.control_motor_B)
    convert_2_sign_int                       0x08002b9d   Thumb Code    14  main.o(i.convert_2_sign_int)
    cos                                      0x08002bad   Thumb Code   148  cos.o(i.cos)
    main                                     0x08002c49   Thumb Code  1168  main.o(i.main)
    sign_                                    0x080030e1   Thumb Code    16  main.o(i.sign_)
    sin                                      0x080030f5   Thumb Code   150  sin.o(i.sin)
    __aeabi_d2f                              0x08003195   Thumb Code     0  d2f.o(x$fpl$d2f)
    _d2f                                     0x08003195   Thumb Code    98  d2f.o(x$fpl$d2f)
    __aeabi_dadd                             0x080031f9   Thumb Code     0  daddsub_clz.o(x$fpl$dadd)
    _dadd                                    0x080031f9   Thumb Code   332  daddsub_clz.o(x$fpl$dadd)
    __fpl_dcheck_NaN1                        0x08003349   Thumb Code    10  dcheck1.o(x$fpl$dcheck1)
    __aeabi_ddiv                             0x08003359   Thumb Code     0  ddiv.o(x$fpl$ddiv)
    _ddiv                                    0x08003359   Thumb Code   552  ddiv.o(x$fpl$ddiv)
    __aeabi_d2iz                             0x08003609   Thumb Code     0  dfix.o(x$fpl$dfix)
    _dfix                                    0x08003609   Thumb Code    94  dfix.o(x$fpl$dfix)
    __aeabi_i2d                              0x08003667   Thumb Code     0  dflt_clz.o(x$fpl$dflt)
    _dflt                                    0x08003667   Thumb Code    46  dflt_clz.o(x$fpl$dflt)
    __aeabi_ui2d                             0x08003695   Thumb Code     0  dflt_clz.o(x$fpl$dfltu)
    _dfltu                                   0x08003695   Thumb Code    38  dflt_clz.o(x$fpl$dfltu)
    __aeabi_dmul                             0x080036bd   Thumb Code     0  dmul.o(x$fpl$dmul)
    _dmul                                    0x080036bd   Thumb Code   332  dmul.o(x$fpl$dmul)
    __fpl_dnaninf                            0x08003811   Thumb Code   156  dnaninf.o(x$fpl$dnaninf)
    __fpl_dretinf                            0x080038ad   Thumb Code    12  dretinf.o(x$fpl$dretinf)
    __aeabi_drsub                            0x080038b9   Thumb Code     0  daddsub_clz.o(x$fpl$drsb)
    _drsb                                    0x080038b9   Thumb Code    22  daddsub_clz.o(x$fpl$drsb)
    __aeabi_dsub                             0x080038d1   Thumb Code     0  daddsub_clz.o(x$fpl$dsub)
    _dsub                                    0x080038d1   Thumb Code   464  daddsub_clz.o(x$fpl$dsub)
    __aeabi_f2d                              0x08003aa5   Thumb Code     0  f2d.o(x$fpl$f2d)
    _f2d                                     0x08003aa5   Thumb Code    86  f2d.o(x$fpl$f2d)
    __aeabi_fadd                             0x08003afd   Thumb Code     0  faddsub_clz.o(x$fpl$fadd)
    _fadd                                    0x08003afd   Thumb Code   196  faddsub_clz.o(x$fpl$fadd)
    __fpl_fcheck_NaN1                        0x08003bc1   Thumb Code     6  fcheck1.o(x$fpl$fcheck1)
    __fpl_fcmp_Inf                           0x08003bcd   Thumb Code    24  fcmpi.o(x$fpl$fcmpinf)
    __aeabi_fdiv                             0x08003be5   Thumb Code     0  fdiv.o(x$fpl$fdiv)
    _fdiv                                    0x08003be5   Thumb Code   384  fdiv.o(x$fpl$fdiv)
    __aeabi_f2iz                             0x08003d69   Thumb Code     0  ffix.o(x$fpl$ffix)
    _ffix                                    0x08003d69   Thumb Code    54  ffix.o(x$fpl$ffix)
    __aeabi_i2f                              0x08003da1   Thumb Code     0  fflt_clz.o(x$fpl$fflt)
    _fflt                                    0x08003da1   Thumb Code    48  fflt_clz.o(x$fpl$fflt)
    __aeabi_ui2f                             0x08003dd1   Thumb Code     0  fflt_clz.o(x$fpl$ffltu)
    _ffltu                                   0x08003dd1   Thumb Code    38  fflt_clz.o(x$fpl$ffltu)
    __aeabi_cfcmple                          0x08003df9   Thumb Code     0  fleqf.o(x$fpl$fleqf)
    _fcmple                                  0x08003df9   Thumb Code   104  fleqf.o(x$fpl$fleqf)
    __fpl_fcmple_InfNaN                      0x08003e4b   Thumb Code     0  fleqf.o(x$fpl$fleqf)
    __aeabi_fmul                             0x08003e61   Thumb Code     0  fmul.o(x$fpl$fmul)
    _fmul                                    0x08003e61   Thumb Code   258  fmul.o(x$fpl$fmul)
    __fpl_fnaninf                            0x08003f63   Thumb Code   140  fnaninf.o(x$fpl$fnaninf)
    __fpl_fretinf                            0x08003fef   Thumb Code    10  fretinf.o(x$fpl$fretinf)
    __aeabi_cfrcmple                         0x08003ff9   Thumb Code     0  frleqf.o(x$fpl$frleqf)
    _frcmple                                 0x08003ff9   Thumb Code    98  frleqf.o(x$fpl$frleqf)
    __aeabi_frsub                            0x0800405b   Thumb Code     0  faddsub_clz.o(x$fpl$frsb)
    _frsb                                    0x0800405b   Thumb Code    20  faddsub_clz.o(x$fpl$frsb)
    __aeabi_fsub                             0x08004071   Thumb Code     0  faddsub_clz.o(x$fpl$fsub)
    _fsub                                    0x08004071   Thumb Code   234  faddsub_clz.o(x$fpl$fsub)
    __fpl_return_NaN                         0x0800415b   Thumb Code   100  retnan.o(x$fpl$retnan)
    __ARM_scalbn                             0x080041bf   Thumb Code    92  scalbn.o(x$fpl$scalbn)
    __ARM_scalbnf                            0x0800421b   Thumb Code    76  scalbnf.o(x$fpl$scalbnf)
    __fpl_cmpreturn                          0x08004267   Thumb Code    48  trapv.o(x$fpl$trapveneer)
    AHBPrescTable                            0x08004296   Data          16  system_stm32f1xx.o(.constdata)
    __I$use$fp                               0x08004296   Number         0  usenofp.o(x$fpl$usenofp)
    Region$$Table$$Base                      0x080043c8   Number         0  anon$$obj.o(Region$$Table)
    Region$$Table$$Limit                     0x080043e8   Number         0  anon$$obj.o(Region$$Table)
    sum_ADC                                  0x20000000   Data           4  main.o(.data)
    red_value                                0x20000004   Data           4  main.o(.data)
    green_value                              0x20000008   Data           4  main.o(.data)
    blue_value                               0x2000000c   Data           4  main.o(.data)
    red                                      0x20000010   Data           4  main.o(.data)
    green                                    0x20000014   Data           4  main.o(.data)
    current_time                             0x20000018   Data           4  main.o(.data)
    time_A                                   0x2000001c   Data           4  main.o(.data)
    time_B                                   0x20000020   Data           4  main.o(.data)
    time                                     0x20000024   Data           4  main.o(.data)
    duration                                 0x20000028   Data           4  main.o(.data)
    count_A                                  0x2000002c   Data           4  main.o(.data)
    count_B                                  0x20000030   Data           4  main.o(.data)
    rpm_A                                    0x20000034   Data           4  main.o(.data)
    rpm_B                                    0x20000038   Data           4  main.o(.data)
    expected_rpm_A                           0x2000003c   Data           4  main.o(.data)
    expected_rpm_B                           0x20000040   Data           4  main.o(.data)
    duty_cycle_A                             0x20000044   Data           4  main.o(.data)
    duty_cycle_B                             0x20000048   Data           4  main.o(.data)
    v_A                                      0x2000004c   Data           4  main.o(.data)
    v_B                                      0x20000050   Data           4  main.o(.data)
    error_rpm                                0x20000054   Data           4  main.o(.data)
    cum_error_A                              0x20000058   Data           4  main.o(.data)
    cum_error_B                              0x2000005c   Data           4  main.o(.data)
    error_prev_A                             0x20000060   Data           4  main.o(.data)
    error_prev_B                             0x20000064   Data           4  main.o(.data)
    error_filtered_B                         0x20000068   Data           4  main.o(.data)
    rate_error                               0x2000006c   Data           4  main.o(.data)
    duty_cycle                               0x20000070   Data           4  main.o(.data)
    sample_time                              0x20000074   Data           4  main.o(.data)
    T_filter                                 0x20000078   Data           4  main.o(.data)
    feedback_time                            0x2000007c   Data           4  main.o(.data)
    kp_A                                     0x20000080   Data           4  main.o(.data)
    ki_A                                     0x20000084   Data           4  main.o(.data)
    kd_A                                     0x20000088   Data           4  main.o(.data)
    kp_B                                     0x2000008c   Data           4  main.o(.data)
    ki_B                                     0x20000090   Data           4  main.o(.data)
    kd_B                                     0x20000094   Data           4  main.o(.data)
    k1                                       0x20000098   Data           4  main.o(.data)
    k2                                       0x2000009c   Data           4  main.o(.data)
    k3                                       0x200000a0   Data           4  main.o(.data)
    vRef                                     0x200000a4   Data           4  main.o(.data)
    wRef                                     0x200000a8   Data           4  main.o(.data)
    e2                                       0x200000ac   Data           4  main.o(.data)
    e2_prev                                  0x200000b0   Data           4  main.o(.data)
    e3                                       0x200000b4   Data           4  main.o(.data)
    v                                        0x200000b8   Data           4  main.o(.data)
    w                                        0x200000bc   Data           4  main.o(.data)
    v_fb                                     0x200000c0   Data           4  main.o(.data)
    v_prev                                   0x200000c4   Data           4  main.o(.data)
    R                                        0x200000c8   Data           4  main.o(.data)
    L                                        0x200000cc   Data           4  main.o(.data)
    pi                                       0x200000d0   Data           4  main.o(.data)
    uwTickFreq                               0x200000d4   Data           1  stm32f1xx_hal.o(.data)
    uwTickPrio                               0x200000d8   Data           4  stm32f1xx_hal.o(.data)
    uwTick                                   0x200000dc   Data           4  stm32f1xx_hal.o(.data)
    SystemCoreClock                          0x200000e0   Data           4  system_stm32f1xx.o(.data)
    hadc1                                    0x200000e4   Data          48  main.o(.bss)
    htim1                                    0x20000114   Data          72  main.o(.bss)
    htim2                                    0x2000015c   Data          72  main.o(.bss)
    htim3                                    0x200001a4   Data          72  main.o(.bss)
    htim4                                    0x200001ec   Data          72  main.o(.bss)
    u16_ADCScanVal                           0x20000234   Data          10  main.o(.bss)
    hdma_adc1                                0x20000240   Data          68  main.o(.bss)
    __libspace_start                         0x20000284   Data          96  libspace.o(.bss)
    __temporary_stack_top$libspace           0x200002e4   Data           0  libspace.o(.bss)



==============================================================================

Memory Map of the image

  Image Entry point : 0x080000ed

  Load Region LR_IROM1 (Base: 0x08000000, Size: 0x000044cc, Max: 0x00010000, ABSOLUTE)

    Execution Region ER_IROM1 (Exec base: 0x08000000, Load base: 0x08000000, Size: 0x000043e8, Max: 0x00010000, ABSOLUTE)

    Exec Addr    Load Addr    Size         Type   Attr      Idx    E Section Name        Object

    0x08000000   0x08000000   0x000000ec   Data   RO            3    RESET               startup_stm32f103xb.o
    0x080000ec   0x080000ec   0x00000008   Code   RO         2689  * !!!main             c_w.l(__main.o)
    0x080000f4   0x080000f4   0x00000034   Code   RO         2976    !!!scatter          c_w.l(__scatter.o)
    0x08000128   0x08000128   0x0000001a   Code   RO         2978    !!handler_copy      c_w.l(__scatter_copy.o)
    0x08000142   0x08000142   0x00000002   PAD
    0x08000144   0x08000144   0x0000001c   Code   RO         2980    !!handler_zi        c_w.l(__scatter_zi.o)
    0x08000160   0x08000160   0x00000002   Code   RO         2847    .ARM.Collect$$libinit$$00000000  c_w.l(libinit.o)
    0x08000162   0x08000162   0x00000000   Code   RO         2853    .ARM.Collect$$libinit$$00000002  c_w.l(libinit2.o)
    0x08000162   0x08000162   0x00000000   Code   RO         2855    .ARM.Collect$$libinit$$00000004  c_w.l(libinit2.o)
    0x08000162   0x08000162   0x00000000   Code   RO         2858    .ARM.Collect$$libinit$$0000000A  c_w.l(libinit2.o)
    0x08000162   0x08000162   0x00000000   Code   RO         2860    .ARM.Collect$$libinit$$0000000C  c_w.l(libinit2.o)
    0x08000162   0x08000162   0x00000000   Code   RO         2862    .ARM.Collect$$libinit$$0000000E  c_w.l(libinit2.o)
    0x08000162   0x08000162   0x00000000   Code   RO         2865    .ARM.Collect$$libinit$$00000011  c_w.l(libinit2.o)
    0x08000162   0x08000162   0x00000000   Code   RO         2867    .ARM.Collect$$libinit$$00000013  c_w.l(libinit2.o)
    0x08000162   0x08000162   0x00000000   Code   RO         2869    .ARM.Collect$$libinit$$00000015  c_w.l(libinit2.o)
    0x08000162   0x08000162   0x00000000   Code   RO         2871    .ARM.Collect$$libinit$$00000017  c_w.l(libinit2.o)
    0x08000162   0x08000162   0x00000000   Code   RO         2873    .ARM.Collect$$libinit$$00000019  c_w.l(libinit2.o)
    0x08000162   0x08000162   0x00000000   Code   RO         2875    .ARM.Collect$$libinit$$0000001B  c_w.l(libinit2.o)
    0x08000162   0x08000162   0x00000000   Code   RO         2877    .ARM.Collect$$libinit$$0000001D  c_w.l(libinit2.o)
    0x08000162   0x08000162   0x00000000   Code   RO         2879    .ARM.Collect$$libinit$$0000001F  c_w.l(libinit2.o)
    0x08000162   0x08000162   0x00000000   Code   RO         2881    .ARM.Collect$$libinit$$00000021  c_w.l(libinit2.o)
    0x08000162   0x08000162   0x00000000   Code   RO         2883    .ARM.Collect$$libinit$$00000023  c_w.l(libinit2.o)
    0x08000162   0x08000162   0x00000000   Code   RO         2885    .ARM.Collect$$libinit$$00000025  c_w.l(libinit2.o)
    0x08000162   0x08000162   0x00000000   Code   RO         2889    .ARM.Collect$$libinit$$0000002C  c_w.l(libinit2.o)
    0x08000162   0x08000162   0x00000000   Code   RO         2891    .ARM.Collect$$libinit$$0000002E  c_w.l(libinit2.o)
    0x08000162   0x08000162   0x00000000   Code   RO         2893    .ARM.Collect$$libinit$$00000030  c_w.l(libinit2.o)
    0x08000162   0x08000162   0x00000000   Code   RO         2895    .ARM.Collect$$libinit$$00000032  c_w.l(libinit2.o)
    0x08000162   0x08000162   0x00000002   Code   RO         2896    .ARM.Collect$$libinit$$00000033  c_w.l(libinit2.o)
    0x08000164   0x08000164   0x00000002   Code   RO         2916    .ARM.Collect$$libshutdown$$00000000  c_w.l(libshutdown.o)
    0x08000166   0x08000166   0x00000000   Code   RO         2929    .ARM.Collect$$libshutdown$$00000002  c_w.l(libshutdown2.o)
    0x08000166   0x08000166   0x00000000   Code   RO         2931    .ARM.Collect$$libshutdown$$00000004  c_w.l(libshutdown2.o)
    0x08000166   0x08000166   0x00000000   Code   RO         2934    .ARM.Collect$$libshutdown$$00000007  c_w.l(libshutdown2.o)
    0x08000166   0x08000166   0x00000000   Code   RO         2937    .ARM.Collect$$libshutdown$$0000000A  c_w.l(libshutdown2.o)
    0x08000166   0x08000166   0x00000000   Code   RO         2939    .ARM.Collect$$libshutdown$$0000000C  c_w.l(libshutdown2.o)
    0x08000166   0x08000166   0x00000000   Code   RO         2942    .ARM.Collect$$libshutdown$$0000000F  c_w.l(libshutdown2.o)
    0x08000166   0x08000166   0x00000002   Code   RO         2943    .ARM.Collect$$libshutdown$$00000010  c_w.l(libshutdown2.o)
    0x08000168   0x08000168   0x00000000   Code   RO         2751    .ARM.Collect$$rtentry$$00000000  c_w.l(__rtentry.o)
    0x08000168   0x08000168   0x00000000   Code   RO         2798    .ARM.Collect$$rtentry$$00000002  c_w.l(__rtentry2.o)
    0x08000168   0x08000168   0x00000006   Code   RO         2810    .ARM.Collect$$rtentry$$00000004  c_w.l(__rtentry4.o)
    0x0800016e   0x0800016e   0x00000000   Code   RO         2800    .ARM.Collect$$rtentry$$00000009  c_w.l(__rtentry2.o)
    0x0800016e   0x0800016e   0x00000004   Code   RO         2801    .ARM.Collect$$rtentry$$0000000A  c_w.l(__rtentry2.o)
    0x08000172   0x08000172   0x00000000   Code   RO         2803    .ARM.Collect$$rtentry$$0000000C  c_w.l(__rtentry2.o)
    0x08000172   0x08000172   0x00000008   Code   RO         2804    .ARM.Collect$$rtentry$$0000000D  c_w.l(__rtentry2.o)
    0x0800017a   0x0800017a   0x00000002   Code   RO         2850    .ARM.Collect$$rtexit$$00000000  c_w.l(rtexit.o)
    0x0800017c   0x0800017c   0x00000000   Code   RO         2898    .ARM.Collect$$rtexit$$00000002  c_w.l(rtexit2.o)
    0x0800017c   0x0800017c   0x00000004   Code   RO         2899    .ARM.Collect$$rtexit$$00000003  c_w.l(rtexit2.o)
    0x08000180   0x08000180   0x00000006   Code   RO         2900    .ARM.Collect$$rtexit$$00000004  c_w.l(rtexit2.o)
    0x08000186   0x08000186   0x00000002   PAD
    0x08000188   0x08000188   0x00000040   Code   RO            4    .text               startup_stm32f103xb.o
    0x080001c8   0x080001c8   0x0000004e   Code   RO         2685    .text               c_w.l(rt_memclr_w.o)
    0x08000216   0x08000216   0x00000006   Code   RO         2687    .text               c_w.l(heapauxi.o)
    0x0800021c   0x0800021c   0x00000016   Code   RO         2752    .text               c_w.l(_rserrno.o)
    0x08000232   0x08000232   0x00000002   PAD
    0x08000234   0x08000234   0x00000008   Code   RO         2815    .text               c_w.l(rt_errno_addr_intlibspace.o)
    0x0800023c   0x0800023c   0x00000008   Code   RO         2835    .text               c_w.l(libspace.o)
    0x08000244   0x08000244   0x0000004a   Code   RO         2838    .text               c_w.l(sys_stackheap_outer.o)
    0x0800028e   0x0800028e   0x00000012   Code   RO         2840    .text               c_w.l(exit.o)
    0x080002a0   0x080002a0   0x0000000c   Code   RO         2908    .text               c_w.l(sys_exit.o)
    0x080002ac   0x080002ac   0x00000002   Code   RO         2919    .text               c_w.l(use_no_semi.o)
    0x080002ae   0x080002ae   0x00000000   Code   RO         2921    .text               c_w.l(indicate_semi.o)
    0x080002ae   0x080002ae   0x00000002   PAD
    0x080002b0   0x080002b0   0x00000056   Code   RO          422    i.ADC_ConversionStop_Disable  stm32f1xx_hal_adc.o
    0x08000306   0x08000306   0x0000004e   Code   RO          423    i.ADC_DMAConvCplt   stm32f1xx_hal_adc.o
    0x08000354   0x08000354   0x0000001a   Code   RO          424    i.ADC_DMAError      stm32f1xx_hal_adc.o
    0x0800036e   0x0800036e   0x0000000a   Code   RO          425    i.ADC_DMAHalfConvCplt  stm32f1xx_hal_adc.o
    0x08000378   0x08000378   0x0000007c   Code   RO          426    i.ADC_Enable        stm32f1xx_hal_adc.o
    0x080003f4   0x080003f4   0x00000002   Code   RO          225    i.BusFault_Handler  stm32f1xx_it.o
    0x080003f6   0x080003f6   0x00000002   PAD
    0x080003f8   0x080003f8   0x0000000c   Code   RO          226    i.DMA1_Channel1_IRQHandler  stm32f1xx_it.o
    0x08000404   0x08000404   0x0000002a   Code   RO         1076    i.DMA_SetConfig     stm32f1xx_hal_dma.o
    0x0800042e   0x0800042e   0x00000002   Code   RO          227    i.DebugMon_Handler  stm32f1xx_it.o
    0x08000430   0x08000430   0x00000004   Code   RO           13    i.Error_Handler     main.o
    0x08000434   0x08000434   0x000000fc   Code   RO          428    i.HAL_ADC_ConfigChannel  stm32f1xx_hal_adc.o
    0x08000530   0x08000530   0x00000002   Code   RO          429    i.HAL_ADC_ConvCpltCallback  stm32f1xx_hal_adc.o
    0x08000532   0x08000532   0x00000002   Code   RO          430    i.HAL_ADC_ConvHalfCpltCallback  stm32f1xx_hal_adc.o
    0x08000534   0x08000534   0x00000002   Code   RO          432    i.HAL_ADC_ErrorCallback  stm32f1xx_hal_adc.o
    0x08000536   0x08000536   0x00000002   PAD
    0x08000538   0x08000538   0x0000011c   Code   RO          437    i.HAL_ADC_Init      stm32f1xx_hal_adc.o
    0x08000654   0x08000654   0x00000090   Code   RO          308    i.HAL_ADC_MspInit   stm32f1xx_hal_msp.o
    0x080006e4   0x080006e4   0x0000010c   Code   RO          444    i.HAL_ADC_Start_DMA  stm32f1xx_hal_adc.o
    0x080007f0   0x080007f0   0x00000154   Code   RO         1082    i.HAL_DMA_IRQHandler  stm32f1xx_hal_dma.o
    0x08000944   0x08000944   0x0000005c   Code   RO         1083    i.HAL_DMA_Init      stm32f1xx_hal_dma.o
    0x080009a0   0x080009a0   0x00000070   Code   RO         1087    i.HAL_DMA_Start_IT  stm32f1xx_hal_dma.o
    0x08000a10   0x08000a10   0x00000024   Code   RO          705    i.HAL_Delay         stm32f1xx_hal.o
    0x08000a34   0x08000a34   0x000001e0   Code   RO         1013    i.HAL_GPIO_Init     stm32f1xx_hal_gpio.o
    0x08000c14   0x08000c14   0x0000000a   Code   RO         1017    i.HAL_GPIO_WritePin  stm32f1xx_hal_gpio.o
    0x08000c1e   0x08000c1e   0x00000002   PAD
    0x08000c20   0x08000c20   0x0000000c   Code   RO          709    i.HAL_GetTick       stm32f1xx_hal.o
    0x08000c2c   0x08000c2c   0x00000010   Code   RO          715    i.HAL_IncTick       stm32f1xx_hal.o
    0x08000c3c   0x08000c3c   0x00000024   Code   RO          716    i.HAL_Init          stm32f1xx_hal.o
    0x08000c60   0x08000c60   0x00000040   Code   RO          717    i.HAL_InitTick      stm32f1xx_hal.o
    0x08000ca0   0x08000ca0   0x0000003c   Code   RO          309    i.HAL_MspInit       stm32f1xx_hal_msp.o
    0x08000cdc   0x08000cdc   0x0000001a   Code   RO         1173    i.HAL_NVIC_EnableIRQ  stm32f1xx_hal_cortex.o
    0x08000cf6   0x08000cf6   0x00000002   PAD
    0x08000cf8   0x08000cf8   0x00000040   Code   RO         1179    i.HAL_NVIC_SetPriority  stm32f1xx_hal_cortex.o
    0x08000d38   0x08000d38   0x00000024   Code   RO         1180    i.HAL_NVIC_SetPriorityGrouping  stm32f1xx_hal_cortex.o
    0x08000d5c   0x08000d5c   0x000000ec   Code   RO          976    i.HAL_RCCEx_PeriphCLKConfig  stm32f1xx_hal_rcc_ex.o
    0x08000e48   0x08000e48   0x0000012c   Code   RO          873    i.HAL_RCC_ClockConfig  stm32f1xx_hal_rcc.o
    0x08000f74   0x08000f74   0x0000006c   Code   RO          882    i.HAL_RCC_GetSysClockFreq  stm32f1xx_hal_rcc.o
    0x08000fe0   0x08000fe0   0x00000320   Code   RO          885    i.HAL_RCC_OscConfig  stm32f1xx_hal_rcc.o
    0x08001300   0x08001300   0x00000028   Code   RO         1184    i.HAL_SYSTICK_Config  stm32f1xx_hal_cortex.o
    0x08001328   0x08001328   0x00000068   Code   RO         2398    i.HAL_TIMEx_MasterConfigSynchronization  stm32f1xx_hal_tim_ex.o
    0x08001390   0x08001390   0x000000a4   Code   RO         1696    i.HAL_TIM_Encoder_Init  stm32f1xx_hal_tim.o
    0x08001434   0x08001434   0x000000c4   Code   RO          311    i.HAL_TIM_Encoder_MspInit  stm32f1xx_hal_msp.o
    0x080014f8   0x080014f8   0x0000008e   Code   RO         1699    i.HAL_TIM_Encoder_Start  stm32f1xx_hal_tim.o
    0x08001586   0x08001586   0x0000010e   Code   RO         1711    i.HAL_TIM_IC_ConfigChannel  stm32f1xx_hal_tim.o
    0x08001694   0x08001694   0x0000005a   Code   RO         1714    i.HAL_TIM_IC_Init   stm32f1xx_hal_tim.o
    0x080016ee   0x080016ee   0x00000002   PAD
    0x080016f0   0x080016f0   0x00000054   Code   RO          313    i.HAL_TIM_IC_MspInit  stm32f1xx_hal_msp.o
    0x08001744   0x08001744   0x000000b8   Code   RO         1717    i.HAL_TIM_IC_Start  stm32f1xx_hal_tim.o
    0x080017fc   0x080017fc   0x0000004c   Code   RO          314    i.HAL_TIM_MspPostInit  stm32f1xx_hal_msp.o
    0x08001848   0x08001848   0x000000c6   Code   RO         1747    i.HAL_TIM_PWM_ConfigChannel  stm32f1xx_hal_tim.o
    0x0800190e   0x0800190e   0x0000005a   Code   RO         1750    i.HAL_TIM_PWM_Init  stm32f1xx_hal_tim.o
    0x08001968   0x08001968   0x00000028   Code   RO          316    i.HAL_TIM_PWM_MspInit  stm32f1xx_hal_msp.o
    0x08001990   0x08001990   0x0000009c   Code   RO         1755    i.HAL_TIM_PWM_Start  stm32f1xx_hal_tim.o
    0x08001a2c   0x08001a2c   0x0000002a   Code   RO         1763    i.HAL_TIM_ReadCapturedValue  stm32f1xx_hal_tim.o
    0x08001a56   0x08001a56   0x00000056   Code   RO         1764    i.HAL_TIM_SlaveConfigSynchro  stm32f1xx_hal_tim.o
    0x08001aac   0x08001aac   0x00000002   Code   RO          228    i.HardFault_Handler  stm32f1xx_it.o
    0x08001aae   0x08001aae   0x00000002   PAD
    0x08001ab0   0x08001ab0   0x000000a4   Code   RO           14    i.MX_ADC1_Init      main.o
    0x08001b54   0x08001b54   0x0000006c   Code   RO           15    i.MX_TIM1_Init      main.o
    0x08001bc0   0x08001bc0   0x00000068   Code   RO           16    i.MX_TIM2_Init      main.o
    0x08001c28   0x08001c28   0x00000080   Code   RO           17    i.MX_TIM3_Init      main.o
    0x08001ca8   0x08001ca8   0x000000a4   Code   RO           18    i.MX_TIM4_Init      main.o
    0x08001d4c   0x08001d4c   0x00000002   Code   RO          229    i.MemManage_Handler  stm32f1xx_it.o
    0x08001d4e   0x08001d4e   0x00000002   Code   RO          230    i.NMI_Handler       stm32f1xx_it.o
    0x08001d50   0x08001d50   0x00000002   Code   RO          231    i.PendSV_Handler    stm32f1xx_it.o
    0x08001d52   0x08001d52   0x00000002   Code   RO          232    i.SVC_Handler       stm32f1xx_it.o
    0x08001d54   0x08001d54   0x00000004   Code   RO          233    i.SysTick_Handler   stm32f1xx_it.o
    0x08001d58   0x08001d58   0x00000068   Code   RO           19    i.SystemClock_Config  main.o
    0x08001dc0   0x08001dc0   0x00000002   Code   RO         2647    i.SystemInit        system_stm32f1xx.o
    0x08001dc2   0x08001dc2   0x00000002   PAD
    0x08001dc4   0x08001dc4   0x0000006c   Code   RO         1768    i.TIM_Base_SetConfig  stm32f1xx_hal_tim.o
    0x08001e30   0x08001e30   0x0000001a   Code   RO         1769    i.TIM_CCxChannelCmd  stm32f1xx_hal_tim.o
    0x08001e4a   0x08001e4a   0x00000014   Code   RO         1779    i.TIM_ETR_SetConfig  stm32f1xx_hal_tim.o
    0x08001e5e   0x08001e5e   0x00000002   PAD
    0x08001e60   0x08001e60   0x00000050   Code   RO         1781    i.TIM_OC1_SetConfig  stm32f1xx_hal_tim.o
    0x08001eb0   0x08001eb0   0x00000058   Code   RO         1782    i.TIM_OC2_SetConfig  stm32f1xx_hal_tim.o
    0x08001f08   0x08001f08   0x00000058   Code   RO         1783    i.TIM_OC3_SetConfig  stm32f1xx_hal_tim.o
    0x08001f60   0x08001f60   0x00000044   Code   RO         1784    i.TIM_OC4_SetConfig  stm32f1xx_hal_tim.o
    0x08001fa4   0x08001fa4   0x00000086   Code   RO         1785    i.TIM_SlaveTimer_SetConfig  stm32f1xx_hal_tim.o
    0x0800202a   0x0800202a   0x00000022   Code   RO         1786    i.TIM_TI1_ConfigInputStage  stm32f1xx_hal_tim.o
    0x0800204c   0x0800204c   0x00000058   Code   RO         1787    i.TIM_TI1_SetConfig  stm32f1xx_hal_tim.o
    0x080020a4   0x080020a4   0x00000024   Code   RO         1788    i.TIM_TI2_ConfigInputStage  stm32f1xx_hal_tim.o
    0x080020c8   0x080020c8   0x00000036   Code   RO         1789    i.TIM_TI2_SetConfig  stm32f1xx_hal_tim.o
    0x080020fe   0x080020fe   0x00000002   Code   RO          234    i.UsageFault_Handler  stm32f1xx_it.o
    0x08002100   0x08002100   0x00000028   Code   RO         2831    i.__ARM_fpclassify  m_ws.l(fpclassify.o)
    0x08002128   0x08002128   0x00000020   Code   RO         1186    i.__NVIC_SetPriority  stm32f1xx_hal_cortex.o
    0x08002148   0x08002148   0x00000388   Code   RO         2786    i.__ieee754_rem_pio2  m_ws.l(rred.o)
    0x080024d0   0x080024d0   0x000000fc   Code   RO         2769    i.__kernel_cos      m_ws.l(cos_i.o)
    0x080025cc   0x080025cc   0x000000aa   Code   RO         2833    i.__kernel_poly     m_ws.l(poly.o)
    0x08002676   0x08002676   0x00000002   PAD
    0x08002678   0x08002678   0x000000ec   Code   RO         2791    i.__kernel_sin      m_ws.l(sin_i.o)
    0x08002764   0x08002764   0x00000006   Code   RO         2773    i.__mathlib_dbl_infnan  m_ws.l(dunder.o)
    0x0800276a   0x0800276a   0x0000000c   Code   RO         2775    i.__mathlib_dbl_invalid  m_ws.l(dunder.o)
    0x08002776   0x08002776   0x00000002   PAD
    0x08002778   0x08002778   0x00000010   Code   RO         2778    i.__mathlib_dbl_underflow  m_ws.l(dunder.o)
    0x08002788   0x08002788   0x0000000c   Code   RO           20    i.abs_              main.o
    0x08002794   0x08002794   0x000001a0   Code   RO           21    i.calculate_rpm     main.o
    0x08002934   0x08002934   0x000000cc   Code   RO           22    i.color_recognize   main.o
    0x08002a00   0x08002a00   0x00000070   Code   RO           23    i.compute_e2        main.o
    0x08002a70   0x08002a70   0x00000080   Code   RO           24    i.control_motor_A   main.o
    0x08002af0   0x08002af0   0x000000ac   Code   RO           25    i.control_motor_B   main.o
    0x08002b9c   0x08002b9c   0x0000000e   Code   RO           26    i.convert_2_sign_int  main.o
    0x08002baa   0x08002baa   0x00000002   PAD
    0x08002bac   0x08002bac   0x0000009c   Code   RO         2736    i.cos               m_ws.l(cos.o)
    0x08002c48   0x08002c48   0x00000498   Code   RO           27    i.main              main.o
    0x080030e0   0x080030e0   0x00000014   Code   RO           28    i.sign_             main.o
    0x080030f4   0x080030f4   0x000000a0   Code   RO         2744    i.sin               m_ws.l(sin.o)
    0x08003194   0x08003194   0x00000062   Code   RO         2691    x$fpl$d2f           fz_ws.l(d2f.o)
    0x080031f6   0x080031f6   0x00000002   PAD
    0x080031f8   0x080031f8   0x00000150   Code   RO         2693    x$fpl$dadd          fz_ws.l(daddsub_clz.o)
    0x08003348   0x08003348   0x00000010   Code   RO         2754    x$fpl$dcheck1       fz_ws.l(dcheck1.o)
    0x08003358   0x08003358   0x000002b0   Code   RO         2700    x$fpl$ddiv          fz_ws.l(ddiv.o)
    0x08003608   0x08003608   0x0000005e   Code   RO         2817    x$fpl$dfix          fz_ws.l(dfix.o)
    0x08003666   0x08003666   0x0000002e   Code   RO         2822    x$fpl$dflt          fz_ws.l(dflt_clz.o)
    0x08003694   0x08003694   0x00000026   Code   RO         2821    x$fpl$dfltu         fz_ws.l(dflt_clz.o)
    0x080036ba   0x080036ba   0x00000002   PAD
    0x080036bc   0x080036bc   0x00000154   Code   RO         2703    x$fpl$dmul          fz_ws.l(dmul.o)
    0x08003810   0x08003810   0x0000009c   Code   RO         2756    x$fpl$dnaninf       fz_ws.l(dnaninf.o)
    0x080038ac   0x080038ac   0x0000000c   Code   RO         2758    x$fpl$dretinf       fz_ws.l(dretinf.o)
    0x080038b8   0x080038b8   0x00000016   Code   RO         2694    x$fpl$drsb          fz_ws.l(daddsub_clz.o)
    0x080038ce   0x080038ce   0x00000002   PAD
    0x080038d0   0x080038d0   0x000001d4   Code   RO         2695    x$fpl$dsub          fz_ws.l(daddsub_clz.o)
    0x08003aa4   0x08003aa4   0x00000056   Code   RO         2705    x$fpl$f2d           fz_ws.l(f2d.o)
    0x08003afa   0x08003afa   0x00000002   PAD
    0x08003afc   0x08003afc   0x000000c4   Code   RO         2707    x$fpl$fadd          fz_ws.l(faddsub_clz.o)
    0x08003bc0   0x08003bc0   0x0000000c   Code   RO         2760    x$fpl$fcheck1       fz_ws.l(fcheck1.o)
    0x08003bcc   0x08003bcc   0x00000018   Code   RO         2827    x$fpl$fcmpinf       fz_ws.l(fcmpi.o)
    0x08003be4   0x08003be4   0x00000184   Code   RO         2714    x$fpl$fdiv          fz_ws.l(fdiv.o)
    0x08003d68   0x08003d68   0x00000036   Code   RO         2717    x$fpl$ffix          fz_ws.l(ffix.o)
    0x08003d9e   0x08003d9e   0x00000002   PAD
    0x08003da0   0x08003da0   0x00000030   Code   RO         2722    x$fpl$fflt          fz_ws.l(fflt_clz.o)
    0x08003dd0   0x08003dd0   0x00000026   Code   RO         2721    x$fpl$ffltu         fz_ws.l(fflt_clz.o)
    0x08003df6   0x08003df6   0x00000002   PAD
    0x08003df8   0x08003df8   0x00000068   Code   RO         2762    x$fpl$fleqf         fz_ws.l(fleqf.o)
    0x08003e60   0x08003e60   0x00000102   Code   RO         2727    x$fpl$fmul          fz_ws.l(fmul.o)
    0x08003f62   0x08003f62   0x0000008c   Code   RO         2764    x$fpl$fnaninf       fz_ws.l(fnaninf.o)
    0x08003fee   0x08003fee   0x0000000a   Code   RO         2766    x$fpl$fretinf       fz_ws.l(fretinf.o)
    0x08003ff8   0x08003ff8   0x00000062   Code   RO         2729    x$fpl$frleqf        fz_ws.l(frleqf.o)
    0x0800405a   0x0800405a   0x00000014   Code   RO         2708    x$fpl$frsb          fz_ws.l(faddsub_clz.o)
    0x0800406e   0x0800406e   0x00000002   PAD
    0x08004070   0x08004070   0x000000ea   Code   RO         2709    x$fpl$fsub          fz_ws.l(faddsub_clz.o)
    0x0800415a   0x0800415a   0x00000064   Code   RO         2829    x$fpl$retnan        fz_ws.l(retnan.o)
    0x080041be   0x080041be   0x0000005c   Code   RO         2731    x$fpl$scalbn        fz_ws.l(scalbn.o)
    0x0800421a   0x0800421a   0x0000004c   Code   RO         2733    x$fpl$scalbnf       fz_ws.l(scalbnf.o)
    0x08004266   0x08004266   0x00000030   Code   RO         2848    x$fpl$trapveneer    fz_ws.l(trapv.o)
    0x08004296   0x08004296   0x00000000   Code   RO         2768    x$fpl$usenofp       fz_ws.l(usenofp.o)
    0x08004296   0x08004296   0x00000010   Data   RO         2648    .constdata          system_stm32f1xx.o
    0x080042a6   0x080042a6   0x00000002   PAD
    0x080042a8   0x080042a8   0x00000030   Data   RO         2770    .constdata          m_ws.l(cos_i.o)
    0x080042d8   0x080042d8   0x000000c8   Data   RO         2788    .constdata          m_ws.l(rred.o)
    0x080043a0   0x080043a0   0x00000028   Data   RO         2792    .constdata          m_ws.l(sin_i.o)
    0x080043c8   0x080043c8   0x00000020   Data   RO         2974    Region$$Table       anon$$obj.o


    Execution Region RW_IRAM1 (Exec base: 0x20000000, Load base: 0x080043e8, Size: 0x000008e8, Max: 0x00005000, ABSOLUTE)

    Exec Addr    Load Addr    Size         Type   Attr      Idx    E Section Name        Object

    0x20000000   0x080043e8   0x000000d4   Data   RW           31    .data               main.o
    0x200000d4   0x080044bc   0x0000000c   Data   RW          723    .data               stm32f1xx_hal.o
    0x200000e0   0x080044c8   0x00000004   Data   RW         2650    .data               system_stm32f1xx.o
    0x200000e4        -       0x0000015a   Zero   RW           29    .bss                main.o
    0x2000023e   0x080044cc   0x00000002   PAD
    0x20000240        -       0x00000044   Zero   RW           30    .bss                main.o
    0x20000284        -       0x00000060   Zero   RW         2836    .bss                c_w.l(libspace.o)
    0x200002e4   0x080044cc   0x00000004   PAD
    0x200002e8        -       0x00000200   Zero   RW            2    HEAP                startup_stm32f103xb.o
    0x200004e8        -       0x00000400   Zero   RW            1    STACK               startup_stm32f103xb.o


==============================================================================

Image component sizes


      Code (inc. data)   RO Data    RW Data    ZI Data      Debug   Object Name

      3030        168          0        212        414     444063   main.o
        64         26        236          0       1536        800   startup_stm32f103xb.o
       164         28          0         12          0       5825   stm32f1xx_hal.o
      1134         56          0          0          0       8410   stm32f1xx_hal_adc.o
       198         14          0          0          0      28875   stm32f1xx_hal_cortex.o
       586         32          0          0          0       3547   stm32f1xx_hal_dma.o
       490         34          0          0          0       2856   stm32f1xx_hal_gpio.o
       600         86          0          0          0       4363   stm32f1xx_hal_msp.o
      1208         76          0          0          0       4030   stm32f1xx_hal_rcc.o
       236         12          0          0          0       1364   stm32f1xx_hal_rcc_ex.o
      2246         78          0          0          0      17822   stm32f1xx_hal_tim.o
       104         12          0          0          0       1304   stm32f1xx_hal_tim_ex.o
        32          6          0          0          0       4221   stm32f1xx_it.o
         2          0         16          4          0       1083   system_stm32f1xx.o

    ----------------------------------------------------------------------
     10112        628        286        228       1952     528563   Object Totals
         0          0         32          0          0          0   (incl. Generated)
        18          0          2          0          2          0   (incl. Padding)

    ----------------------------------------------------------------------

      Code (inc. data)   RO Data    RW Data    ZI Data      Debug   Library Member Name

         8          0          0          0          0         68   __main.o
         0          0          0          0          0          0   __rtentry.o
        12          0          0          0          0          0   __rtentry2.o
         6          0          0          0          0          0   __rtentry4.o
        52          8          0          0          0          0   __scatter.o
        26          0          0          0          0          0   __scatter_copy.o
        28          0          0          0          0          0   __scatter_zi.o
        22          0          0          0          0        100   _rserrno.o
        18          0          0          0          0         80   exit.o
         6          0          0          0          0        152   heapauxi.o
         0          0          0          0          0          0   indicate_semi.o
         2          0          0          0          0          0   libinit.o
         2          0          0          0          0          0   libinit2.o
         2          0          0          0          0          0   libshutdown.o
         2          0          0          0          0          0   libshutdown2.o
         8          4          0          0         96         68   libspace.o
         8          4          0          0          0         68   rt_errno_addr_intlibspace.o
        78          0          0          0          0         80   rt_memclr_w.o
         2          0          0          0          0          0   rtexit.o
        10          0          0          0          0          0   rtexit2.o
        12          4          0          0          0         68   sys_exit.o
        74          0          0          0          0         80   sys_stackheap_outer.o
         2          0          0          0          0         68   use_no_semi.o
        98          4          0          0          0         92   d2f.o
       826         16          0          0          0        348   daddsub_clz.o
        16          4          0          0          0         68   dcheck1.o
       688        140          0          0          0        208   ddiv.o
        94          4          0          0          0         92   dfix.o
        84          0          0          0          0        136   dflt_clz.o
       340         12          0          0          0        104   dmul.o
       156          4          0          0          0         92   dnaninf.o
        12          0          0          0          0         68   dretinf.o
        86          4          0          0          0         84   f2d.o
       450          8          0          0          0        236   faddsub_clz.o
        12          4          0          0          0         68   fcheck1.o
        24          0          0          0          0         68   fcmpi.o
       388         76          0          0          0         96   fdiv.o
        54          4          0          0          0         84   ffix.o
        86          0          0          0          0        136   fflt_clz.o
       104          4          0          0          0         84   fleqf.o
       258          4          0          0          0         84   fmul.o
       140          4          0          0          0         84   fnaninf.o
        10          0          0          0          0         68   fretinf.o
        98          0          0          0          0         68   frleqf.o
       100          0          0          0          0         68   retnan.o
        92          0          0          0          0         68   scalbn.o
        76          0          0          0          0         68   scalbnf.o
        48          0          0          0          0         68   trapv.o
         0          0          0          0          0          0   usenofp.o
       156          8          0          0          0        104   cos.o
       252         22         48          0          0        124   cos_i.o
        34          6          0          0          0        204   dunder.o
        40          0          0          0          0         68   fpclassify.o
       170          0          0          0          0         96   poly.o
       904         76        200          0          0        140   rred.o
       160         10          0          0          0        108   sin.o
       236         12         40          0          0        128   sin_i.o

    ----------------------------------------------------------------------
      6698        446        288          0        100       4444   Library Totals
        26          0          0          0          4          0   (incl. Padding)

    ----------------------------------------------------------------------

      Code (inc. data)   RO Data    RW Data    ZI Data      Debug   Library Name

       380         20          0          0         96        832   c_w.l
      4340        292          0          0          0       2640   fz_ws.l
      1952        134        288          0          0        972   m_ws.l

    ----------------------------------------------------------------------
      6698        446        288          0        100       4444   Library Totals

    ----------------------------------------------------------------------

==============================================================================


      Code (inc. data)   RO Data    RW Data    ZI Data      Debug   

     16810       1074        574        228       2052     526295   Grand Totals
     16810       1074        574        228       2052     526295   ELF Image Totals
     16810       1074        574        228          0          0   ROM Totals

==============================================================================

    Total RO  Size (Code + RO Data)                17384 (  16.98kB)
    Total RW  Size (RW Data + ZI Data)              2280 (   2.23kB)
    Total ROM Size (Code + RO Data + RW Data)      17612 (  17.20kB)

==============================================================================

